Archive member included to satisfy reference by file (symbol)

C:/ST/STM32CubeIDE_1.19.0/STM32CubeIDE/plugins/com.st.stm32cube.ide.mcu.externaltools.gnu-tools-for-stm32.13.3.rel1.win32_1.0.0.202411081344/tools/bin/../lib/gcc/arm-none-eabi/13.3.1/../../../../arm-none-eabi/lib/thumb/v6-m/nofp\libc_nano.a(libc_a-exit.o)
                              C:/ST/STM32CubeIDE_1.19.0/STM32CubeIDE/plugins/com.st.stm32cube.ide.mcu.externaltools.gnu-tools-for-stm32.13.3.rel1.win32_1.0.0.202411081344/tools/bin/../lib/gcc/arm-none-eabi/13.3.1/../../../../arm-none-eabi/lib/thumb/v6-m/nofp/crt0.o (exit)
C:/ST/STM32CubeIDE_1.19.0/STM32CubeIDE/plugins/com.st.stm32cube.ide.mcu.externaltools.gnu-tools-for-stm32.13.3.rel1.win32_1.0.0.202411081344/tools/bin/../lib/gcc/arm-none-eabi/13.3.1/../../../../arm-none-eabi/lib/thumb/v6-m/nofp\libc_nano.a(libc_a-findfp.o)
                              C:/ST/STM32CubeIDE_1.19.0/STM32CubeIDE/plugins/com.st.stm32cube.ide.mcu.externaltools.gnu-tools-for-stm32.13.3.rel1.win32_1.0.0.202411081344/tools/bin/../lib/gcc/arm-none-eabi/13.3.1/../../../../arm-none-eabi/lib/thumb/v6-m/nofp\libc_nano.a(libc_a-exit.o) (__stdio_exit_handler)
C:/ST/STM32CubeIDE_1.19.0/STM32CubeIDE/plugins/com.st.stm32cube.ide.mcu.externaltools.gnu-tools-for-stm32.13.3.rel1.win32_1.0.0.202411081344/tools/bin/../lib/gcc/arm-none-eabi/13.3.1/../../../../arm-none-eabi/lib/thumb/v6-m/nofp\libc_nano.a(libc_a-fwalk.o)
                              C:/ST/STM32CubeIDE_1.19.0/STM32CubeIDE/plugins/com.st.stm32cube.ide.mcu.externaltools.gnu-tools-for-stm32.13.3.rel1.win32_1.0.0.202411081344/tools/bin/../lib/gcc/arm-none-eabi/13.3.1/../../../../arm-none-eabi/lib/thumb/v6-m/nofp\libc_nano.a(libc_a-findfp.o) (_fwalk_sglue)
C:/ST/STM32CubeIDE_1.19.0/STM32CubeIDE/plugins/com.st.stm32cube.ide.mcu.externaltools.gnu-tools-for-stm32.13.3.rel1.win32_1.0.0.202411081344/tools/bin/../lib/gcc/arm-none-eabi/13.3.1/../../../../arm-none-eabi/lib/thumb/v6-m/nofp\libc_nano.a(libc_a-stdio.o)
                              C:/ST/STM32CubeIDE_1.19.0/STM32CubeIDE/plugins/com.st.stm32cube.ide.mcu.externaltools.gnu-tools-for-stm32.13.3.rel1.win32_1.0.0.202411081344/tools/bin/../lib/gcc/arm-none-eabi/13.3.1/../../../../arm-none-eabi/lib/thumb/v6-m/nofp\libc_nano.a(libc_a-findfp.o) (__sread)
C:/ST/STM32CubeIDE_1.19.0/STM32CubeIDE/plugins/com.st.stm32cube.ide.mcu.externaltools.gnu-tools-for-stm32.13.3.rel1.win32_1.0.0.202411081344/tools/bin/../lib/gcc/arm-none-eabi/13.3.1/../../../../arm-none-eabi/lib/thumb/v6-m/nofp\libc_nano.a(libc_a-memset.o)
                              C:/ST/STM32CubeIDE_1.19.0/STM32CubeIDE/plugins/com.st.stm32cube.ide.mcu.externaltools.gnu-tools-for-stm32.13.3.rel1.win32_1.0.0.202411081344/tools/bin/../lib/gcc/arm-none-eabi/13.3.1/../../../../arm-none-eabi/lib/thumb/v6-m/nofp/crt0.o (memset)
C:/ST/STM32CubeIDE_1.19.0/STM32CubeIDE/plugins/com.st.stm32cube.ide.mcu.externaltools.gnu-tools-for-stm32.13.3.rel1.win32_1.0.0.202411081344/tools/bin/../lib/gcc/arm-none-eabi/13.3.1/../../../../arm-none-eabi/lib/thumb/v6-m/nofp\libc_nano.a(libc_a-closer.o)
                              C:/ST/STM32CubeIDE_1.19.0/STM32CubeIDE/plugins/com.st.stm32cube.ide.mcu.externaltools.gnu-tools-for-stm32.13.3.rel1.win32_1.0.0.202411081344/tools/bin/../lib/gcc/arm-none-eabi/13.3.1/../../../../arm-none-eabi/lib/thumb/v6-m/nofp\libc_nano.a(libc_a-stdio.o) (_close_r)
C:/ST/STM32CubeIDE_1.19.0/STM32CubeIDE/plugins/com.st.stm32cube.ide.mcu.externaltools.gnu-tools-for-stm32.13.3.rel1.win32_1.0.0.202411081344/tools/bin/../lib/gcc/arm-none-eabi/13.3.1/../../../../arm-none-eabi/lib/thumb/v6-m/nofp\libc_nano.a(libc_a-reent.o)
                              C:/ST/STM32CubeIDE_1.19.0/STM32CubeIDE/plugins/com.st.stm32cube.ide.mcu.externaltools.gnu-tools-for-stm32.13.3.rel1.win32_1.0.0.202411081344/tools/bin/../lib/gcc/arm-none-eabi/13.3.1/../../../../arm-none-eabi/lib/thumb/v6-m/nofp\libc_nano.a(libc_a-closer.o) (errno)
C:/ST/STM32CubeIDE_1.19.0/STM32CubeIDE/plugins/com.st.stm32cube.ide.mcu.externaltools.gnu-tools-for-stm32.13.3.rel1.win32_1.0.0.202411081344/tools/bin/../lib/gcc/arm-none-eabi/13.3.1/../../../../arm-none-eabi/lib/thumb/v6-m/nofp\libc_nano.a(libc_a-impure.o)
                              C:/ST/STM32CubeIDE_1.19.0/STM32CubeIDE/plugins/com.st.stm32cube.ide.mcu.externaltools.gnu-tools-for-stm32.13.3.rel1.win32_1.0.0.202411081344/tools/bin/../lib/gcc/arm-none-eabi/13.3.1/../../../../arm-none-eabi/lib/thumb/v6-m/nofp\libc_nano.a(libc_a-reent.o) (_impure_ptr)
C:/ST/STM32CubeIDE_1.19.0/STM32CubeIDE/plugins/com.st.stm32cube.ide.mcu.externaltools.gnu-tools-for-stm32.13.3.rel1.win32_1.0.0.202411081344/tools/bin/../lib/gcc/arm-none-eabi/13.3.1/../../../../arm-none-eabi/lib/thumb/v6-m/nofp\libc_nano.a(libc_a-lseekr.o)
[...]
Memory Configuration

Name             Origin             Length             Attributes
RAM              0x20000000         0x00004000         xrw
FLASH            0x08000000         0x00020000         xr
*default*        0x00000000         0xffffffff

Linker script and memory map

LOAD C:/ST/STM32CubeIDE_1.19.0/STM32CubeIDE/plugins/com.st.stm32cube.ide.mcu.externaltools.gnu-tools-for-stm32.13.3.rel1.win32_1.0.0.202411081344/tools/bin/../lib/gcc/arm-none-eabi/13.3.1/thumb/v6-m/nofp/crti.o
LOAD C:/ST/STM32CubeIDE_1.19.0/STM32CubeIDE/plugins/com.st.stm32cube.ide.mcu.externaltools.gnu-tools-for-stm32.13.3.rel1.win32_1.0.0.202411081344/tools/bin/../lib/gcc/arm-none-eabi/13.3.1/thumb/v6-m/nofp/crtbegin.o
LOAD C:/ST/STM32CubeIDE_1.19.0/STM32CubeIDE/plugins/com.st.stm32cube.ide.mcu.externaltools.gnu-tools-for-stm32.13.3.rel1.win32_1.0.0.202411081344/tools/bin/../lib/gcc/arm-none-eabi/13.3.1/../../../../arm-none-eabi/lib/thumb/v6-m/nofp/crt0.o
LOAD ./Core/Src/FAC_Code/fac_adc.o
LOAD ./Core/Src/FAC_Code/fac_app.o
LOAD ./Core/Src/FAC_Code/fac_battery.o
LOAD ./Core/Src/FAC_Code/fac_eeprom.o
LOAD ./Core/Src/FAC_Code/fac_imu.o
LOAD ./Core/Src/FAC_Code/fac_mapper.o
LOAD ./Core/Src/FAC_Code/fac_motors.o
LOAD ./Core/Src/FAC_Code/fac_ppm_receiver.o
LOAD ./Core/Src/FAC_Code/fac_pwm_receiver.o
LOAD ./Core/Src/FAC_Code/fac_servo.o
LOAD ./Core/Src/FAC_Code/fac_settings.o
LOAD ./Core/Src/FAC_Code/fac_std_receiver.o
LOAD ./Core/Src/FAC_Code/mixes_functions/fac_functions.o
LOAD ./Core/Src/FAC_Code/mixes_functions/fac_mixes.o
LOAD ./Core/Src/FAC_Code/mixes_functions/functions/fac_direct_link_function.o
LOAD ./Core/Src/FAC_Code/mixes_functions/mixes/fac_simple_tank_mix.o
LOAD ./Core/Src/Libraries/DMApwm.o
LOAD ./Core/Src/Libraries/LSM6DS3.o
LOAD ./Core/Src/adc.o
LOAD ./Core/Src/dma.o
LOAD ./Core/Src/gpio.o
LOAD ./Core/Src/i2c.o
LOAD ./Core/Src/iwdg.o
LOAD ./Core/Src/main.o
LOAD ./Core/Src/spi.o
LOAD ./Core/Src/stm32f0xx_hal_msp.o
LOAD ./Core/Src/stm32f0xx_it.o
LOAD ./Core/Src/syscalls.o
LOAD ./Core/Src/sysmem.o
LOAD ./Core/Src/system_stm32f0xx.o
LOAD ./Core/Src/tim.o
LOAD ./Core/Src/usart.o
LOAD ./Core/Src/jingles/fac_jingles.o
LOAD ./Core/Startup/startup_stm32f072cbtx.o
LOAD ./Drivers/STM32F0xx_HAL_Driver/Src/stm32f0xx_hal.o
LOAD ./Drivers/STM32F0xx_HAL_Driver/Src/stm32f0xx_hal_adc.o
LOAD ./Drivers/STM32F0xx_HAL_Driver/Src/stm32f0xx_hal_adc_ex.o
LOAD ./Drivers/STM32F0xx_HAL_Driver/Src/stm32f0xx_hal_cortex.o
LOAD ./Drivers/STM32F0xx_HAL_Driver/Src/stm32f0xx_hal_dma.o
LOAD ./Drivers/STM32F0xx_HAL_Driver/Src/stm32f0xx_hal_exti.o
LOAD ./Drivers/STM32F0xx_HAL_Driver/Src/stm32f0xx_hal_flash.o
LOAD ./Drivers/STM32F0xx_HAL_Driver/Src/stm32f0xx_hal_flash_ex.o
LOAD ./Drivers/STM32F0xx_HAL_Driver/Src/stm32f0xx_hal_gpio.o
LOAD ./Drivers/STM32F0xx_HAL_Driver/Src/stm32f0xx_hal_i2c.o
LOAD ./Drivers/STM32F0xx_HAL_Driver/Src/stm32f0xx_hal_i2c_ex.o
LOAD ./Drivers/STM32F0xx_HAL_Driver/Src/stm32f0xx_hal_iwdg.o
LOAD ./Drivers/STM32F0xx_HAL_Driver/Src/stm32f0xx_hal_pcd.o
LOAD ./Drivers/STM32F0xx_HAL_Driver/Src/stm32f0xx_hal_pcd_ex.o
LOAD ./Drivers/STM32F0xx_HAL_Driver/Src/stm32f0xx_hal_pwr.o
LOAD ./Drivers/STM32F0xx_HAL_Driver/Src/stm32f0xx_hal_pwr_ex.o
LOAD ./Drivers/STM32F0xx_HAL_Driver/Src/stm32f0xx_hal_rcc.o
LOAD ./Drivers/STM32F0xx_HAL_Driver/Src/stm32f0xx_hal_rcc_ex.o
LOAD ./Drivers/STM32F0xx_HAL_Driver/Src/stm32f0xx_hal_spi.o
LOAD ./Drivers/STM32F0xx_HAL_Driver/Src/stm32f0xx_hal_spi_ex.o
LOAD ./Drivers/STM32F0xx_HAL_Driver/Src/stm32f0xx_hal_tim.o
LOAD ./Drivers/STM32F0xx_HAL_Driver/Src/stm32f0xx_hal_tim_ex.o
LOAD ./Drivers/STM32F0xx_HAL_Driver/Src/stm32f0xx_hal_uart.o
LOAD ./Drivers/STM32F0xx_HAL_Driver/Src/stm32f0xx_hal_uart_ex.o
LOAD ./Drivers/STM32F0xx_HAL_Driver/Src/stm32f0xx_ll_usb.o
LOAD ./Middlewares/ST/STM32_USB_Device_Library/Class/CDC/Src/usbd_cdc.o
LOAD ./Middlewares/ST/STM32_USB_Device_Library/Core/Src/usbd_core.o
LOAD ./Middlewares/ST/STM32_USB_Device_Library/Core/Src/usbd_ctlreq.o
LOAD ./Middlewares/ST/STM32_USB_Device_Library/Core/Src/usbd_ioreq.o
LOAD ./USB_DEVICE/App/usb_device.o
LOAD ./USB_DEVICE/App/usbd_cdc_if.o
LOAD ./USB_DEVICE/App/usbd_desc.o
LOAD ./USB_DEVICE/Target/usbd_conf.o
START GROUP
LOAD C:/ST/STM32CubeIDE_1.19.0/STM32CubeIDE/plugins/com.st.stm32cube.ide.mcu.externaltools.gnu-tools-for-stm32.13.3.rel1.win32_1.0.0.202411081344/tools/bin/../lib/gcc/arm-none-eabi/13.3.1/../../../../arm-none-eabi/lib/thumb/v6-m/nofp\libc_nano.a
LOAD C:/ST/STM32CubeIDE_1.19.0/STM32CubeIDE/plugins/com.st.stm32cube.ide.mcu.externaltools.gnu-tools-for-stm32.13.3.rel1.win32_1.0.0.202411081344/tools/bin/../lib/gcc/arm-none-eabi/13.3.1/../../../../arm-none-eabi/lib/thumb/v6-m/nofp\libm.a
END GROUP
START GROUP
LOAD C:/ST/STM32CubeIDE_1.19.0/STM32CubeIDE/plugins/com.st.stm32cube.ide.mcu.externaltools.gnu-tools-for-stm32.13.3.rel1.win32_1.0.0.202411081344/tools/bin/../lib/gcc/arm-none-eabi/13.3.1/thumb/v6-m/nofp\libgcc.a
LOAD C:/ST/STM32CubeIDE_1.19.0/STM32CubeIDE/plugins/com.st.stm32cube.ide.mcu.externaltools.gnu-tools-for-stm32.13.3.rel1.win32_1.0.0.202411081344/tools/bin/../lib/gcc/arm-none-eabi/13.3.1/../../../../arm-none-eabi/lib/thumb/v6-m/nofp\libc_nano.a
END GROUP
START GROUP
LOAD C:/ST/STM32CubeIDE_1.19.0/STM32CubeIDE/plugins/com.st.stm32cube.ide.mcu.externaltools.gnu-tools-for-stm32.13.3.rel1.win32_1.0.0.202411081344/tools/bin/../lib/gcc/arm-none-eabi/13.3.1/thumb/v6-m/nofp\libgcc.a
LOAD C:/ST/STM32CubeIDE_1.19.0/STM32CubeIDE/plugins/com.st.stm32cube.ide.mcu.externaltools.gnu-tools-for-stm32.13.3.rel1.win32_1.0.0.202411081344/tools/bin/../lib/gcc/arm-none-eabi/13.3.1/../../../../arm-none-eabi/lib/thumb/v6-m/nofp\libc_nano.a
LOAD C:/ST/STM32CubeIDE_1.19.0/STM32CubeIDE/plugins/com.st.stm32cube.ide.mcu.externaltools.gnu-tools-for-stm32.13.3.rel1.win32_1.0.0.202411081344/tools/bin/../lib/gcc/arm-none-eabi/13.3.1/../../../../arm-none-eabi/lib/thumb/v6-m/nofp\libnosys.a
END GROUP
START GROUP
LOAD C:/ST/STM32CubeIDE_1.19.0/STM32CubeIDE/plugins/com.st.stm32cube.ide.mcu.externaltools.gnu-tools-for-stm32.13.3.rel1.win32_1.0.0.202411081344/tools/bin/../lib/gcc/arm-none-eabi/13.3.1/thumb/v6-m/nofp\libgcc.a
LOAD C:/ST/STM32CubeIDE_1.19.0/STM32CubeIDE/plugins/com.st.stm32cube.ide.mcu.externaltools.gnu-tools-for-stm32.13.3.rel1.win32_1.0.0.202411081344/tools/bin/../lib/gcc/arm-none-eabi/13.3.1/../../../../arm-none-eabi/lib/thumb/v6-m/nofp\libc_nano.a
LOAD C:/ST/STM32CubeIDE_1.19.0/STM32CubeIDE/plugins/com.st.stm32cube.ide.mcu.externaltools.gnu-tools-for-stm32.13.3.rel1.win32_1.0.0.202411081344/tools/bin/../lib/gcc/arm-none-eabi/13.3.1/../../../../arm-none-eabi/lib/thumb/v6-m/nofp\libnosys.a
END GROUP
LOAD C:/ST/STM32CubeIDE_1.19.0/STM32CubeIDE/plugins/com.st.stm32cube.ide.mcu.externaltools.gnu-tools-for-stm32.13.3.rel1.win32_1.0.0.202411081344/tools/bin/../lib/gcc/arm-none-eabi/13.3.1/thumb/v6-m/nofp/crtend.o
LOAD C:/ST/STM32CubeIDE_1.19.0/STM32CubeIDE/plugins/com.st.stm32cube.ide.mcu.externaltools.gnu-tools-for-stm32.13.3.rel1.win32_1.0.0.202411081344/tools/bin/../lib/gcc/arm-none-eabi/13.3.1/thumb/v6-m/nofp/crtn.o
                0x20004000                        _estack = (ORIGIN (RAM) + LENGTH (RAM))
                0x00000200                        _Min_Heap_Size = 0x200
                0x00000400                        _Min_Stack_Size = 0x400

.isr_vector     0x08000000       0xc0
                0x08000000                        . = ALIGN (0x4)
 *(.isr_vector)
 .isr_vector    0x08000000       0xc0 ./Core/Startup/startup_stm32f072cbtx.o
                0x08000000                g_pfnVectors
                0x080000c0                        . = ALIGN (0x4)

.text           0x080000c0     0xb210
                0x080000c0                        . = ALIGN (0x4)
 *(.text)
 .text          0x080000c0       0x48 C:/ST/STM32CubeIDE_1.19.0/STM32CubeIDE/plugins/com.st.stm32cube.ide.mcu.externaltools.gnu-tools-for-stm32.13.3.rel1.win32_1.0.0.202411081344/tools/bin/../lib/gcc/arm-none-eabi/13.3.1/thumb/v6-m/nofp/crtbegin.o
 .text          0x08000108        0xe C:/ST/STM32CubeIDE_1.19.0/STM32CubeIDE/plugins/com.st.stm32cube.ide.mcu.externaltools.gnu-tools-for-stm32.13.3.rel1.win32_1.0.0.202411081344/tools/bin/../lib/gcc/arm-none-eabi/13.3.1/../../../../arm-none-eabi/lib/thumb/v6-m/nofp\libc_nano.a(libc_a-strlen.o)
                0x08000108                strlen
 *fill*         0x08000116        0x2 
 .text          0x08000118      0x114 C:/ST/STM32CubeIDE_1.19.0/STM32CubeIDE/plugins/com.st.stm32cube.ide.mcu.externaltools.gnu-tools-for-stm32.13.3.rel1.win32_1.0.0.202411081344/tools/bin/../lib/gcc/arm-none-eabi/13.3.1/thumb/v6-m/nofp\libgcc.a(_udivsi3.o)
                0x08000118                __aeabi_uidiv
                0x08000118                __udivsi3
                0x08000224                __aeabi_uidivmod
 .text          0x0800022c      0x1d4 C:/ST/STM32CubeIDE_1.19.0/STM32CubeIDE/plugins/com.st.stm32cube.ide.mcu.externaltools.gnu-tools-for-stm32.13.3.rel1.win32_1.0.0.202411081344/tools/bin/../lib/gcc/arm-none-eabi/13.3.1/thumb/v6-m/nofp\libgcc.a(_divsi3.o)
                0x0800022c                __divsi3
                0x0800022c                __aeabi_idiv
                0x080003f8                __aeabi_idivmod
 .text          0x08000400        0x4 C:/ST/STM32CubeIDE_1.19.0/STM32CubeIDE/plugins/com.st.stm32cube.ide.mcu.externaltools.gnu-tools-for-stm32.13.3.rel1.win32_1.0.0.202411081344/tools/bin/../lib/gcc/arm-none-eabi/13.3.1/thumb/v6-m/nofp\libgcc.a(_dvmd_tls.o)
                0x08000400                __aeabi_idiv0
                0x08000400                __aeabi_ldiv0
 .text          0x08000404       0x74 C:/ST/STM32CubeIDE_1.19.0/STM32CubeIDE/plugins/com.st.stm32cube.ide.mcu.externaltools.gnu-tools-for-stm32.13.3.rel1.win32_1.0.0.202411081344/tools/bin/../lib/gcc/arm-none-eabi/13.3.1/thumb/v6-m/nofp\libgcc.a(_arm_cmpsf2.o)
                0x08000404                __aeabi_cfrcmple
                0x0800040c                __aeabi_cfcmpeq
                0x0800040c                __aeabi_cfcmple
                0x0800041c                __aeabi_fcmpeq
                0x08000428                __aeabi_fcmplt
                0x0800043c                __aeabi_fcmple
                0x08000450                __aeabi_fcmpgt
                0x08000464                __aeabi_fcmpge
 .text          0x08000478       0x48 C:/ST/STM32CubeIDE_1.19.0/STM32CubeIDE/plugins/com.st.stm32cube.ide.mcu.externaltools.gnu-tools-for-stm32.13.3.rel1.win32_1.0.0.202411081344/tools/bin/../lib/gcc/arm-none-eabi/13.3.1/thumb/v6-m/nofp\libgcc.a(_aeabi_ldivmod.o)
                0x08000478                __aeabi_ldivmod
 .text          0x080004c0       0x40 C:/ST/STM32CubeIDE_1.19.0/STM32CubeIDE/plugins/com.st.stm32cube.ide.mcu.externaltools.gnu-tools-for-stm32.13.3.rel1.win32_1.0.0.202411081344/tools/bin/../lib/gcc/arm-none-eabi/13.3.1/thumb/v6-m/nofp\libgcc.a(_aeabi_uldivmod.o)
                0x080004c0                __aeabi_uldivmod
 .text          0x08000500       0x5c C:/ST/STM32CubeIDE_1.19.0/STM32CubeIDE/plugins/com.st.stm32cube.ide.mcu.externaltools.gnu-tools-for-stm32.13.3.rel1.win32_1.0.0.202411081344/tools/bin/../lib/gcc/arm-none-eabi/13.3.1/thumb/v6-m/nofp\libgcc.a(_muldi3.o)
                0x08000500                __muldi3
                0x08000500                __aeabi_lmul
 .text          0x0800055c       0x30 C:/ST/STM32CubeIDE_1.19.0/STM32CubeIDE/plugins/com.st.stm32cube.ide.mcu.externaltools.gnu-tools-for-stm32.13.3.rel1.win32_1.0.0.202411081344/tools/bin/../lib/gcc/arm-none-eabi/13.3.1/thumb/v6-m/nofp\libgcc.a(_fixunssfsi.o)
                0x0800055c                __fixunssfsi
                0x0800055c                __aeabi_f2uiz
 .text          0x0800058c      0x198 C:/ST/STM32CubeIDE_1.19.0/STM32CubeIDE/plugins/com.st.stm32cube.ide.mcu.externaltools.gnu-tools-for-stm32.13.3.rel1.win32_1.0.0.202411081344/tools/bin/../lib/gcc/arm-none-eabi/13.3.1/thumb/v6-m/nofp\libgcc.a(_udivmoddi4.o)
                0x0800058c                __udivmoddi4
 .text          0x08000724       0x3c C:/ST/STM32CubeIDE_1.19.0/STM32CubeIDE/plugins/com.st.stm32cube.ide.mcu.externaltools.gnu-tools-for-stm32.13.3.rel1.win32_1.0.0.202411081344/tools/bin/../lib/gcc/arm-none-eabi/13.3.1/thumb/v6-m/nofp\libgcc.a(bpabi.o)
                0x08000724                __gnu_ldivmod_helper
 .text          0x08000760      0x3e4 C:/ST/STM32CubeIDE_1.19.0/STM32CubeIDE/plugins/com.st.stm32cube.ide.mcu.externaltools.gnu-tools-for-stm32.13.3.rel1.win32_1.0.0.202411081344/tools/bin/../lib/gcc/arm-none-eabi/13.3.1/thumb/v6-m/nofp\libgcc.a(addsf3.o)
                0x08000760                __aeabi_fadd
 .text          0x08000b44      0x22c C:/ST/STM32CubeIDE_1.19.0/STM32CubeIDE/plugins/com.st.stm32cube.ide.mcu.externaltools.gnu-tools-for-stm32.13.3.rel1.win32_1.0.0.202411081344/tools/bin/../lib/gcc/arm-none-eabi/13.3.1/thumb/v6-m/nofp\libgcc.a(divsf3.o)
                0x08000b44                __aeabi_fdiv
 .text          0x08000d70       0x50 C:/ST/STM32CubeIDE_1.19.0/STM32CubeIDE/plugins/com.st.stm32cube.ide.mcu.externaltools.gnu-tools-for-stm32.13.3.rel1.win32_1.0.0.202411081344/tools/bin/../lib/gcc/arm-none-eabi/13.3.1/thumb/v6-m/nofp\libgcc.a(eqsf2.o)
                0x08000d70                __eqsf2
                0x08000d70                __nesf2
 .text          0x08000dc0       0x90 C:/ST/STM32CubeIDE_1.19.0/STM32CubeIDE/plugins/com.st.stm32cube.ide.mcu.externaltools.gnu-tools-for-stm32.13.3.rel1.win32_1.0.0.202411081344/tools/bin/../lib/gcc/arm-none-eabi/13.3.1/thumb/v6-m/nofp\libgcc.a(gesf2.o)
                0x08000dc0                __gesf2
                0x08000dc0                __gtsf2
 .text          0x08000e50       0x90 C:/ST/STM32CubeIDE_1.19.0/STM32CubeIDE/plugins/com.st.stm32cube.ide.mcu.externaltools.gnu-tools-for-stm32.13.3.rel1.win32_1.0.0.202411081344/tools/bin/../lib/gcc/arm-none-eabi/13.3.1/thumb/v6-m/nofp\libgcc.a(lesf2.o)
                0x08000e50                __ltsf2
                0x08000e50                __lesf2
 .text          0x08000ee0      0x2b4 C:/ST/STM32CubeIDE_1.19.0/STM32CubeIDE/plugins/com.st.stm32cube.ide.mcu.externaltools.gnu-tools-for-stm32.13.3.rel1.win32_1.0.0.202411081344/tools/bin/../lib/gcc/arm-none-eabi/13.3.1/thumb/v6-m/nofp\libgcc.a(mulsf3.o)
                0x08000ee0                __aeabi_fmul
 .text          0x08001194      0x4c8 C:/ST/STM32CubeIDE_1.19.0/STM32CubeIDE/plugins/com.st.stm32cube.ide.mcu.externaltools.gnu-tools-for-stm32.13.3.rel1.win32_1.0.0.202411081344/tools/bin/../lib/gcc/arm-none-eabi/13.3.1/thumb/v6-m/nofp\libgcc.a(subsf3.o)
                0x08001194                __aeabi_fsub
 .text          0x0800165c       0x40 C:/ST/STM32CubeIDE_1.19.0/STM32CubeIDE/plugins/com.st.stm32cube.ide.mcu.externaltools.gnu-tools-for-stm32.13.3.rel1.win32_1.0.0.202411081344/tools/bin/../lib/gcc/arm-none-eabi/13.3.1/thumb/v6-m/nofp\libgcc.a(fixsfsi.o)
                0x0800165c                __aeabi_f2iz
 .text          0x0800169c       0xa0 C:/ST/STM32CubeIDE_1.19.0/STM32CubeIDE/plugins/com.st.stm32cube.ide.mcu.externaltools.gnu-tools-for-stm32.13.3.rel1.win32_1.0.0.202411081344/tools/bin/../lib/gcc/arm-none-eabi/13.3.1/thumb/v6-m/nofp\libgcc.a(floatsisf.o)
                0x0800169c                __aeabi_i2f
 .text          0x0800173c       0x8c C:/ST/STM32CubeIDE_1.19.0/STM32CubeIDE/plugins/com.st.stm32cube.ide.mcu.externaltools.gnu-tools-for-stm32.13.3.rel1.win32_1.0.0.202411081344/tools/bin/../lib/gcc/arm-none-eabi/13.3.1/thumb/v6-m/nofp\libgcc.a(floatunsisf.o)
                0x0800173c                __aeabi_ui2f
 .text          0x080017c8      0x630 C:/ST/STM32CubeIDE_1.19.0/STM32CubeIDE/plugins/com.st.stm32cube.ide.mcu.externaltools.gnu-tools-for-stm32.13.3.rel1.win32_1.0.0.202411081344/tools/bin/../lib/gcc/arm-none-eabi/13.3.1/thumb/v6-m/nofp\libgcc.a(divdf3.o)
                0x080017c8                __aeabi_ddiv
 .text          0x08001df8      0x5cc C:/ST/STM32CubeIDE_1.19.0/STM32CubeIDE/plugins/com.st.stm32cube.ide.mcu.externaltools.gnu-tools-for-stm32.13.3.rel1.win32_1.0.0.202411081344/tools/bin/../lib/gcc/arm-none-eabi/13.3.1/thumb/v6-m/nofp\libgcc.a(muldf3.o)
                0x08001df8                __aeabi_dmul
 .text          0x080023c4       0x90 C:/ST/STM32CubeIDE_1.19.0/STM32CubeIDE/plugins/com.st.stm32cube.ide.mcu.externaltools.gnu-tools-for-stm32.13.3.rel1.win32_1.0.0.202411081344/tools/bin/../lib/gcc/arm-none-eabi/13.3.1/thumb/v6-m/nofp\libgcc.a(extendsfdf2.o)
                0x080023c4                __aeabi_f2d
 .text          0x08002454      0x104 C:/ST/STM32CubeIDE_1.19.0/STM32CubeIDE/plugins/com.st.stm32cube.ide.mcu.externaltools.gnu-tools-for-stm32.13.3.rel1.win32_1.0.0.202411081344/tools/bin/../lib/gcc/arm-none-eabi/13.3.1/thumb/v6-m/nofp\libgcc.a(truncdfsf2.o)
                0x08002454                __aeabi_d2f
 .text          0x08002558       0x3c C:/ST/STM32CubeIDE_1.19.0/STM32CubeIDE/plugins/com.st.stm32cube.ide.mcu.externaltools.gnu-tools-for-stm32.13.3.rel1.win32_1.0.0.202411081344/tools/bin/../lib/gcc/arm-none-eabi/13.3.1/thumb/v6-m/nofp\libgcc.a(_clzsi2.o)
                0x08002558                __clzsi2
 .text          0x08002594       0x18 C:/ST/STM32CubeIDE_1.19.0/STM32CubeIDE/plugins/com.st.stm32cube.ide.mcu.externaltools.gnu-tools-for-stm32.13.3.rel1.win32_1.0.0.202411081344/tools/bin/../lib/gcc/arm-none-eabi/13.3.1/thumb/v6-m/nofp\libgcc.a(_clzdi2.o)
                0x08002594                __clzdi2
 .text          0x080025ac      0x1d8 C:/ST/STM32CubeIDE_1.19.0/STM32CubeIDE/plugins/com.st.stm32cube.ide.mcu.externaltools.gnu-tools-for-stm32.13.3.rel1.win32_1.0.0.202411081344/tools/bin/../lib/gcc/arm-none-eabi/13.3.1/thumb/v6-m/nofp\libgcc.a(_divdi3.o)
                0x080025ac                __divdi3
 *(.text*)
 .text.FAC_adc_GET_resolution
                0x08002784        0xc ./Core/Src/FAC_Code/fac_adc.o
                0x08002784                FAC_adc_GET_resolution
 .text.FAC_adc_GET_Vref_in_uV
                0x08002790        0xc ./Core/Src/FAC_Code/fac_adc.o
                0x08002790                FAC_adc_GET_Vref_in_uV
 .text.FAC_adc_Init
                0x0800279c       0xdc ./Core/Src/FAC_Code/fac_adc.o
                0x0800279c                FAC_adc_Init
 .text.FAC_adc_get_raw_channel_value
                0x08002878        0xc ./Core/Src/FAC_Code/fac_adc.o
                0x08002878                FAC_adc_get_raw_channel_value
 .text.FAC_app_GET_current_state
                0x08002884        0xc ./Core/Src/FAC_Code/fac_app.o
                0x08002884                FAC_app_GET_current_state
 .text.FAC_app_GET_battery_type
                0x08002890        0xc ./Core/Src/FAC_Code/fac_app.o
                0x08002890                FAC_app_GET_battery_type
 .text.FAC_app_main_loop
                0x0800289c      0x238 ./Core/Src/FAC_Code/fac_app.o
                0x0800289c                FAC_app_main_loop
 .text.FAC_app_init
                0x08002ad4       0xc4 ./Core/Src/FAC_Code/fac_app.o
                0x08002ad4                FAC_app_init
 .text.FAC_app_init_all_modules
                0x08002b98       0x2c ./Core/Src/FAC_Code/fac_app.o
                0x08002b98                FAC_app_init_all_modules
 .text.map_uint32
                0x08002bc4       0x28 ./Core/Src/FAC_Code/fac_app.o
                0x08002bc4                map_uint32
 .text.map_int32
                0x08002bec       0x28 ./Core/Src/FAC_Code/fac_app.o
                0x08002bec                map_int32
 .text.map_float
                0x08002c14       0x58 ./Core/Src/FAC_Code/fac_app.o
                0x08002c14                map_float
 .text.FAC_battery_SET_calibration_offset
                0x08002c6c        0xc ./Core/Src/FAC_Code/fac_battery.o
                0x08002c6c                FAC_battery_SET_calibration_offset
 .text.FAC_battery_GET_voltage
                0x08002c78       0x90 ./Core/Src/FAC_Code/fac_battery.o
                0x08002c78                FAC_battery_GET_voltage
 .text.FAC_battery_GET_cell_voltage
                0x08002d08       0x94 ./Core/Src/FAC_Code/fac_battery.o
                0x08002d08                FAC_battery_GET_cell_voltage
 .text.FAC_battery_GET_type
                0x08002d9c       0x5c ./Core/Src/FAC_Code/fac_battery.o
                0x08002d9c                FAC_battery_GET_type
 .text.FAC_battery_init
                0x08002df8       0x1c ./Core/Src/FAC_Code/fac_battery.o
                0x08002df8                FAC_battery_init
 .text.FAC_eeprom_WRITE_frist_boot_value_in_eeprom
                0x08002e14       0x38 ./Core/Src/FAC_Code/fac_eeprom.o
                0x08002e14                FAC_eeprom_WRITE_frist_boot_value_in_eeprom
 .text.FAC_eeprom_store_value
                0x08002e4c       0xac ./Core/Src/FAC_Code/fac_eeprom.o
                0x08002e4c                FAC_eeprom_store_value
 .text.FAC_eeprom_read_value
                0x08002ef8       0x60 ./Core/Src/FAC_Code/fac_eeprom.o
                0x08002ef8                FAC_eeprom_read_value
 .text.FAC_eeprom_is_first_time
                0x08002f58       0x38 ./Core/Src/FAC_Code/fac_eeprom.o
                0x08002f58                FAC_eeprom_is_first_time
 .text.FAC_eeprom_init
                0x08002f90       0x14 ./Core/Src/FAC_Code/fac_eeprom.o
                0x08002f90                FAC_eeprom_init
 .text.FAC_IMU_GET_status
                0x08002fa4        0xc ./Core/Src/FAC_Code/fac_imu.o
                0x08002fa4                FAC_IMU_GET_status
 .text.FAC_IMU_GET_accel_X
                0x08002fb0       0x14 ./Core/Src/FAC_Code/fac_imu.o
                0x08002fb0                FAC_IMU_GET_accel_X
 .text.FAC_IMU_GET_accel_Y
                0x08002fc4       0x14 ./Core/Src/FAC_Code/fac_imu.o
                0x08002fc4                FAC_IMU_GET_accel_Y
 .text.FAC_IMU_GET_accel_Z
                0x08002fd8       0x14 ./Core/Src/FAC_Code/fac_imu.o
                0x08002fd8                FAC_IMU_GET_accel_Z
 .text.FAC_IMU_init_accelerometer
                0x08002fec       0x18 ./Core/Src/FAC_Code/fac_imu.o
                0x08002fec                FAC_IMU_init_accelerometer
 .text.FAC_IMU_init_gyroscope
                0x08003004       0x18 ./Core/Src/FAC_Code/fac_imu.o
                0x08003004                FAC_IMU_init_gyroscope
 .text.FAC_IMU_compute_gyro_offset
                0x0800301c       0x28 ./Core/Src/FAC_Code/fac_imu.o
                0x0800301c                FAC_IMU_compute_gyro_offset
 .text.FAC_IMU_init
                0x08003044       0x24 ./Core/Src/FAC_Code/fac_imu.o
                0x08003044                FAC_IMU_init
 .text.FAC_mapper_apply_to_devices
                0x08003068      0x448 ./Core/Src/FAC_Code/fac_mapper.o
                0x08003068                FAC_mapper_apply_to_devices
 .text.FAC_motor_apply_settings
                0x080034b0       0xb4 ./Core/Src/FAC_Code/fac_motors.o
 .text.FAC_motor_set_speed_direction
                0x08003564       0xd0 ./Core/Src/FAC_Code/fac_motors.o
                0x08003564                FAC_motor_set_speed_direction
 .text.FAC_motor_make_noise
                0x08003634       0xe8 ./Core/Src/FAC_Code/fac_motors.o
                0x08003634                FAC_motor_make_noise
 .text.FAC_motor_init
                0x0800371c       0x70 ./Core/Src/FAC_Code/fac_motors.o
                0x0800371c                FAC_motor_init
 .text.FAC_ppm_receiver_Callback
                0x0800378c       0x50 ./Core/Src/FAC_Code/fac_ppm_receiver.o
                0x0800378c                FAC_ppm_receiver_Callback
 .text.FAC_ppm_receiver_calculate_channels_values
                0x080037dc      0x220 ./Core/Src/FAC_Code/fac_ppm_receiver.o
                0x080037dc                FAC_ppm_receiver_calculate_channels_values
 .text.FAC_ppm_receiver_init
                0x080039fc       0x24 ./Core/Src/FAC_Code/fac_ppm_receiver.o
                0x080039fc                FAC_ppm_receiver_init
 .text.FAC_pwm_receiver_Callback
                0x08003a20       0x70 ./Core/Src/FAC_Code/fac_pwm_receiver.o
                0x08003a20                FAC_pwm_receiver_Callback
 .text.FAC_pwm_receiver_calculate_channel_value
                0x08003a90       0x88 ./Core/Src/FAC_Code/fac_pwm_receiver.o
                0x08003a90                FAC_pwm_receiver_calculate_channel_value
 .text.FAC_pwm_receiver_init
                0x08003b18       0x28 ./Core/Src/FAC_Code/fac_pwm_receiver.o
                0x08003b18                FAC_pwm_receiver_init
 .text.FAC_servo_set_position
                0x08003b40       0x88 ./Core/Src/FAC_Code/fac_servo.o
                0x08003b40                FAC_servo_set_position
 .text.FAC_servo_enable
                0x08003bc8       0x50 ./Core/Src/FAC_Code/fac_servo.o
                0x08003bc8                FAC_servo_enable
 .text.FAC_servo_disable
                0x08003c18       0x2c ./Core/Src/FAC_Code/fac_servo.o
                0x08003c18                FAC_servo_disable
 .text.FAC_servo_init
                0x08003c44       0xa0 ./Core/Src/FAC_Code/fac_servo.o
                0x08003c44                FAC_servo_init
 .text.FAC_settings_GET_value
                0x08003ce4       0x18 ./Core/Src/FAC_Code/fac_settings.o
                0x08003ce4                FAC_settings_GET_value
 .text.FAC_settings_command_response
                0x08003cfc      0x154 ./Core/Src/FAC_Code/fac_settings.o
                0x08003cfc                FAC_settings_command_response
 .text.FAC_settings_init
                0x08003e50       0xe8 ./Core/Src/FAC_Code/fac_settings.o
                0x08003e50                FAC_settings_init
 .text.FAC_std_receiver_GET_is_connected
                0x08003f38       0x5c ./Core/Src/FAC_Code/fac_std_receiver.o
                0x08003f38                FAC_std_receiver_GET_is_connected
 .text.FAC_std_receiver_GET_channel
                0x08003f94       0x34 ./Core/Src/FAC_Code/fac_std_receiver.o
                0x08003f94                FAC_std_receiver_GET_channel
 .text.FAC_std_receiver_new_channel_value
                0x08003fc8       0xec ./Core/Src/FAC_Code/fac_std_receiver.o
                0x08003fc8                FAC_std_receiver_new_channel_value
 .text.FAC_std_reciever_init
                0x080040b4       0x30 ./Core/Src/FAC_Code/fac_std_receiver.o
                0x080040b4                FAC_std_reciever_init
 .text.HAL_GPIO_EXTI_Callback
                0x080040e4       0x4c ./Core/Src/FAC_Code/fac_std_receiver.o
                0x080040e4                HAL_GPIO_EXTI_Callback
 .text.FAC_functions_GET_output
                0x08004130       0x10 ./Core/Src/FAC_Code/mixes_functions/fac_functions.o
                0x08004130                FAC_functions_GET_output
 .text.FAC_functions_GET_input
                0x08004140       0x10 ./Core/Src/FAC_Code/mixes_functions/fac_functions.o
                0x08004140                FAC_functions_GET_input
 .text.FAC_functions_SET_output
                0x08004150       0x10 ./Core/Src/FAC_Code/mixes_functions/fac_functions.o
                0x08004150                FAC_functions_SET_output
 .text.FAC_functions_update_inputs
                0x08004160       0x54 ./Core/Src/FAC_Code/mixes_functions/fac_functions.o
                0x08004160                FAC_functions_update_inputs
 .text.FAC_functions_update
                0x080041b4       0x10 ./Core/Src/FAC_Code/mixes_functions/fac_functions.o
                0x080041b4                FAC_functions_update
 .text.FAC_functions_init
                0x080041c4       0x34 ./Core/Src/FAC_Code/mixes_functions/fac_functions.o
                0x080041c4                FAC_functions_init
 .text.FAC_mixes_GET_output
                0x080041f8       0x10 ./Core/Src/FAC_Code/mixes_functions/fac_mixes.o
                0x080041f8                FAC_mixes_GET_output
 .text.FAC_mixes_GET_input
                0x08004208       0x10 ./Core/Src/FAC_Code/mixes_functions/fac_mixes.o
                0x08004208                FAC_mixes_GET_input
 .text.FAC_mixes_update_mix_outputs
                0x08004218       0x14 ./Core/Src/FAC_Code/mixes_functions/fac_mixes.o
                0x08004218                FAC_mixes_update_mix_outputs
 .text.FAC_mixes_update_mix_inputs
                0x0800422c      0x260 ./Core/Src/FAC_Code/mixes_functions/fac_mixes.o
                0x0800422c                FAC_mixes_update_mix_inputs
 .text.FAC_mix_update
                0x0800448c       0x18 ./Core/Src/FAC_Code/mixes_functions/fac_mixes.o
                0x0800448c                FAC_mix_update
 .text.FAC_mixes_init
                0x080044a4       0x60 ./Core/Src/FAC_Code/mixes_functions/fac_mixes.o
                0x080044a4                FAC_mixes_init
 .text.FAC_direct_link_function_update
                0x08004504       0x40 ./Core/Src/FAC_Code/mixes_functions/functions/fac_direct_link_function.o
                0x08004504                FAC_direct_link_function_update
 .text.FAC_simple_tank_mix_update
                0x08004544      0x230 ./Core/Src/FAC_Code/mixes_functions/mixes/fac_simple_tank_mix.o
                0x08004544                FAC_simple_tank_mix_update
 .text.FAC_DMA_pwm_change_freq
                0x08004774       0x34 ./Core/Src/Libraries/DMApwm.o
                0x08004774                FAC_DMA_pwm_change_freq
 .text.initDMApwm
                0x080047a8       0x68 ./Core/Src/Libraries/DMApwm.o
                0x080047a8                initDMApwm
 .text.setDMApwmDuty
                0x08004810       0x58 ./Core/Src/Libraries/DMApwm.o
                0x08004810                setDMApwmDuty
 .text.LSM6DS3_init
                0x08004868       0x60 ./Core/Src/Libraries/LSM6DS3.o
                0x08004868                LSM6DS3_init
 .text.LSM6DS3_init_accel
                0x080048c8       0x30 ./Core/Src/Libraries/LSM6DS3.o
                0x080048c8                LSM6DS3_init_accel
 .text.LSM6DS3_init_gyro
                0x080048f8       0x30 ./Core/Src/Libraries/LSM6DS3.o
                0x080048f8                LSM6DS3_init_gyro
 .text.LSM6DS3_update_accelerometer_single_value
                0x08004928       0xac ./Core/Src/Libraries/LSM6DS3.o
                0x08004928                LSM6DS3_update_accelerometer_single_value
 .text.LSM6DS3_calculate_offset
                0x080049d4       0xd8 ./Core/Src/Libraries/LSM6DS3.o
                0x080049d4                LSM6DS3_calculate_offset
 .text.MX_ADC_Init
                0x08004aac       0xa0 ./Core/Src/adc.o
                0x08004aac                MX_ADC_Init
 .text.HAL_ADC_MspInit
                0x08004b4c       0x9c ./Core/Src/adc.o
                0x08004b4c                HAL_ADC_MspInit
 .text.MX_DMA_Init
                0x08004be8       0x40 ./Core/Src/dma.o
                0x08004be8                MX_DMA_Init
 .text.MX_GPIO_Init
                0x08004c28      0x140 ./Core/Src/gpio.o
                0x08004c28                MX_GPIO_Init
 .text.MX_I2C1_Init
                0x08004d68       0x84 ./Core/Src/i2c.o
                0x08004d68                MX_I2C1_Init
 .text.HAL_I2C_MspInit
                0x08004dec       0x6c ./Core/Src/i2c.o
                0x08004dec                HAL_I2C_MspInit
 .text.MX_IWDG_Init
                0x08004e58       0x34 ./Core/Src/iwdg.o
                0x08004e58                MX_IWDG_Init
 .text.SystemClock_Config
                0x08004e8c       0x98 ./Core/Src/main.o
                0x08004e8c                SystemClock_Config
 .text.startup.main
                0x08004f24       0x50 ./Core/Src/main.o
                0x08004f24                main
 .text.Error_Handler
                0x08004f74        0x4 ./Core/Src/main.o
                0x08004f74                Error_Handler
 .text.MX_SPI2_Init
                0x08004f78       0x50 ./Core/Src/spi.o
                0x08004f78                MX_SPI2_Init
 .text.HAL_SPI_MspInit
                0x08004fc8       0x68 ./Core/Src/spi.o
                0x08004fc8                HAL_SPI_MspInit
 .text.HAL_MspInit
                0x08005030       0x30 ./Core/Src/stm32f0xx_hal_msp.o
                0x08005030                HAL_MspInit
 .text.NMI_Handler
                0x08005060        0x4 ./Core/Src/stm32f0xx_it.o
                0x08005060                NMI_Handler
 .text.HardFault_Handler
                0x08005064        0x4 ./Core/Src/stm32f0xx_it.o
                0x08005064                HardFault_Handler
 .text.SVC_Handler
                0x08005068        0x4 ./Core/Src/stm32f0xx_it.o
                0x08005068                SVC_Handler
 .text.PendSV_Handler
                0x0800506c        0x4 ./Core/Src/stm32f0xx_it.o
                0x0800506c                PendSV_Handler
 .text.SysTick_Handler
                0x08005070        0x8 ./Core/Src/stm32f0xx_it.o
                0x08005070                SysTick_Handler
 .text.EXTI2_3_IRQHandler
                0x08005078        0xc ./Core/Src/stm32f0xx_it.o
                0x08005078                EXTI2_3_IRQHandler
 .text.EXTI4_15_IRQHandler
                0x08005084       0x18 ./Core/Src/stm32f0xx_it.o
                0x08005084                EXTI4_15_IRQHandler
 .text.DMA1_Channel1_IRQHandler
                0x0800509c       0x10 ./Core/Src/stm32f0xx_it.o
                0x0800509c                DMA1_Channel1_IRQHandler
 .text.DMA1_Channel4_5_6_7_IRQHandler
                0x080050ac       0x10 ./Core/Src/stm32f0xx_it.o
                0x080050ac                DMA1_Channel4_5_6_7_IRQHandler
 .text.USB_IRQHandler
                0x080050bc       0x10 ./Core/Src/stm32f0xx_it.o
                0x080050bc                USB_IRQHandler
 .text.SystemInit
                0x080050cc        0x4 ./Core/Src/system_stm32f0xx.o
                0x080050cc                SystemInit
 .text.MX_TIM1_Init
                0x080050d0       0x80 ./Core/Src/tim.o
                0x080050d0                MX_TIM1_Init
 .text.MX_TIM2_Init
                0x08005150       0x7c ./Core/Src/tim.o
                0x08005150                MX_TIM2_Init
 .text.MX_TIM3_Init
                0x080051cc      0x114 ./Core/Src/tim.o
                0x080051cc                MX_TIM3_Init
 .text.HAL_TIM_Base_MspInit
                0x080052e0       0xb8 ./Core/Src/tim.o
                0x080052e0                HAL_TIM_Base_MspInit
 .text.MX_USART1_UART_Init
                0x08005398       0x3c ./Core/Src/usart.o
                0x08005398                MX_USART1_UART_Init
 .text.HAL_UART_MspInit
                0x080053d4       0x64 ./Core/Src/usart.o
                0x080053d4                HAL_UART_MspInit
 .text.FAC_jingle_simple_scale
                0x08005438       0xec ./Core/Src/jingles/fac_jingles.o
                0x08005438                FAC_jingle_simple_scale
 .text.Reset_Handler
                0x08005524       0x50 ./Core/Startup/startup_stm32f072cbtx.o
                0x08005524                Reset_Handler
 .text.Default_Handler
                0x08005574        0x2 ./Core/Startup/startup_stm32f072cbtx.o
                0x08005574                TIM1_CC_IRQHandler
                0x08005574                TSC_IRQHandler
                0x08005574                ADC1_COMP_IRQHandler
                0x08005574                I2C1_IRQHandler
                0x08005574                RCC_CRS_IRQHandler
                0x08005574                SPI1_IRQHandler
                0x08005574                TIM6_DAC_IRQHandler
                0x08005574                USART3_4_IRQHandler
                0x08005574                I2C2_IRQHandler
                0x08005574                TIM17_IRQHandler
                0x08005574                CEC_CAN_IRQHandler
                0x08005574                RTC_IRQHandler
                0x08005574                PVD_VDDIO2_IRQHandler
                0x08005574                TIM16_IRQHandler
                0x08005574                TIM3_IRQHandler
                0x08005574                Default_Handler
                0x08005574                TIM14_IRQHandler
                0x08005574                TIM7_IRQHandler
                0x08005574                TIM15_IRQHandler
                0x08005574                EXTI0_1_IRQHandler
                0x08005574                SPI2_IRQHandler
                0x08005574                WWDG_IRQHandler
                0x08005574                TIM2_IRQHandler
                0x08005574                DMA1_Channel2_3_IRQHandler
                0x08005574                USART2_IRQHandler
                0x08005574                FLASH_IRQHandler
                0x08005574                USART1_IRQHandler
                0x08005574                TIM1_BRK_UP_TRG_COM_IRQHandler
 *fill*         0x08005576        0x2 
 .text.HAL_InitTick
                0x08005578       0x4c ./Drivers/STM32F0xx_HAL_Driver/Src/stm32f0xx_hal.o
                0x08005578                HAL_InitTick
 .text.HAL_Init
                0x080055c4       0x20 ./Drivers/STM32F0xx_HAL_Driver/Src/stm32f0xx_hal.o
                0x080055c4                HAL_Init
 .text.HAL_IncTick
                0x080055e4       0x18 ./Drivers/STM32F0xx_HAL_Driver/Src/stm32f0xx_hal.o
                0x080055e4                HAL_IncTick
 .text.HAL_GetTick
                0x080055fc        0xc ./Drivers/STM32F0xx_HAL_Driver/Src/stm32f0xx_hal.o
                0x080055fc                HAL_GetTick
 .text.HAL_Delay
                0x08005608       0x24 ./Drivers/STM32F0xx_HAL_Driver/Src/stm32f0xx_hal.o
                0x08005608                HAL_Delay
 .text.ADC_Enable.constprop.0
                0x0800562c       0xb4 ./Drivers/STM32F0xx_HAL_Driver/Src/stm32f0xx_hal_adc.o
 .text.HAL_ADC_Init
                0x080056e0      0x148 ./Drivers/STM32F0xx_HAL_Driver/Src/stm32f0xx_hal_adc.o
                0x080056e0                HAL_ADC_Init
 .text.HAL_ADC_Start_DMA
                0x08005828       0x90 ./Drivers/STM32F0xx_HAL_Driver/Src/stm32f0xx_hal_adc.o
                0x08005828                HAL_ADC_Start_DMA
 .text.HAL_ADC_ConvCpltCallback
                0x080058b8        0x4 ./Drivers/STM32F0xx_HAL_Driver/Src/stm32f0xx_hal_adc.o
                0x080058b8                HAL_ADC_ConvCpltCallback
 .text.ADC_DMAConvCplt
                0x080058bc       0x74 ./Drivers/STM32F0xx_HAL_Driver/Src/stm32f0xx_hal_adc.o
 .text.HAL_ADC_ConvHalfCpltCallback
                0x08005930        0x4 ./Drivers/STM32F0xx_HAL_Driver/Src/stm32f0xx_hal_adc.o
                0x08005930                HAL_ADC_ConvHalfCpltCallback
 .text.ADC_DMAHalfConvCplt
                0x08005934        0xc ./Drivers/STM32F0xx_HAL_Driver/Src/stm32f0xx_hal_adc.o
 .text.HAL_ADC_ErrorCallback
                0x08005940        0x4 ./Drivers/STM32F0xx_HAL_Driver/Src/stm32f0xx_hal_adc.o
                0x08005940                HAL_ADC_ErrorCallback
 .text.ADC_DMAError
                0x08005944       0x1c ./Drivers/STM32F0xx_HAL_Driver/Src/stm32f0xx_hal_adc.o
 .text.HAL_ADC_ConfigChannel
                0x08005960      0x124 ./Drivers/STM32F0xx_HAL_Driver/Src/stm32f0xx_hal_adc.o
                0x08005960                HAL_ADC_ConfigChannel
 .text.HAL_ADCEx_Calibration_Start
                0x08005a84       0xb4 ./Drivers/STM32F0xx_HAL_Driver/Src/stm32f0xx_hal_adc_ex.o
                0x08005a84                HAL_ADCEx_Calibration_Start
 .text.HAL_NVIC_SetPriority
                0x08005b38       0x54 ./Drivers/STM32F0xx_HAL_Driver/Src/stm32f0xx_hal_cortex.o
                0x08005b38                HAL_NVIC_SetPriority
 .text.HAL_NVIC_EnableIRQ
                0x08005b8c       0x18 ./Drivers/STM32F0xx_HAL_Driver/Src/stm32f0xx_hal_cortex.o
                0x08005b8c                HAL_NVIC_EnableIRQ
 .text.HAL_SYSTICK_Config
                0x08005ba4       0x34 ./Drivers/STM32F0xx_HAL_Driver/Src/stm32f0xx_hal_cortex.o
                0x08005ba4                HAL_SYSTICK_Config
 .text.HAL_DMA_Init
                0x08005bd8       0x68 ./Drivers/STM32F0xx_HAL_Driver/Src/stm32f0xx_hal_dma.o
                0x08005bd8                HAL_DMA_Init
 .text.HAL_DMA_Start
                0x08005c40       0x58 ./Drivers/STM32F0xx_HAL_Driver/Src/stm32f0xx_hal_dma.o
                0x08005c40                HAL_DMA_Start
 .text.HAL_DMA_Start_IT
                0x08005c98       0x7c ./Drivers/STM32F0xx_HAL_Driver/Src/stm32f0xx_hal_dma.o
                0x08005c98                HAL_DMA_Start_IT
 .text.HAL_DMA_IRQHandler
                0x08005d14       0x9c ./Drivers/STM32F0xx_HAL_Driver/Src/stm32f0xx_hal_dma.o
                0x08005d14                HAL_DMA_IRQHandler
 .text.HAL_GPIO_Init
                0x08005db0      0x3b4 ./Drivers/STM32F0xx_HAL_Driver/Src/stm32f0xx_hal_gpio.o
                0x08005db0                HAL_GPIO_Init
 .text.HAL_GPIO_ReadPin
                0x08006164        0xc ./Drivers/STM32F0xx_HAL_Driver/Src/stm32f0xx_hal_gpio.o
                0x08006164                HAL_GPIO_ReadPin
 .text.HAL_GPIO_WritePin
                0x08006170        0xc ./Drivers/STM32F0xx_HAL_Driver/Src/stm32f0xx_hal_gpio.o
                0x08006170                HAL_GPIO_WritePin
 .text.HAL_GPIO_TogglePin
                0x0800617c       0x10 ./Drivers/STM32F0xx_HAL_Driver/Src/stm32f0xx_hal_gpio.o
                0x0800617c                HAL_GPIO_TogglePin
 .text.HAL_GPIO_EXTI_IRQHandler
                0x0800618c       0x18 ./Drivers/STM32F0xx_HAL_Driver/Src/stm32f0xx_hal_gpio.o
                0x0800618c                HAL_GPIO_EXTI_IRQHandler
 .text.I2C_WaitOnFlagUntilTimeout.constprop.0
                0x080061a4      0x150 ./Drivers/STM32F0xx_HAL_Driver/Src/stm32f0xx_hal_i2c.o
 .text.I2C_WaitOnTXISFlagUntilTimeout
                0x080062f4      0x1c0 ./Drivers/STM32F0xx_HAL_Driver/Src/stm32f0xx_hal_i2c.o
 .text.I2C_WaitOnFlagUntilTimeout
                0x080064b4      0x1c8 ./Drivers/STM32F0xx_HAL_Driver/Src/stm32f0xx_hal_i2c.o
 .text.I2C_WaitOnSTOPFlagUntilTimeout
                0x0800667c      0x188 ./Drivers/STM32F0xx_HAL_Driver/Src/stm32f0xx_hal_i2c.o
 .text.HAL_I2C_Init
                0x08006804       0xc0 ./Drivers/STM32F0xx_HAL_Driver/Src/stm32f0xx_hal_i2c.o
                0x08006804                HAL_I2C_Init
 .text.HAL_I2C_Mem_Write
                0x080068c4      0x1f0 ./Drivers/STM32F0xx_HAL_Driver/Src/stm32f0xx_hal_i2c.o
                0x080068c4                HAL_I2C_Mem_Write
 .text.HAL_I2C_Mem_Read
                0x08006ab4      0x1fc ./Drivers/STM32F0xx_HAL_Driver/Src/stm32f0xx_hal_i2c.o
                0x08006ab4                HAL_I2C_Mem_Read
 .text.HAL_I2CEx_ConfigAnalogFilter
                0x08006cb0       0x4c ./Drivers/STM32F0xx_HAL_Driver/Src/stm32f0xx_hal_i2c_ex.o
                0x08006cb0                HAL_I2CEx_ConfigAnalogFilter
 .text.HAL_I2CEx_ConfigDigitalFilter
                0x08006cfc       0x5c ./Drivers/STM32F0xx_HAL_Driver/Src/stm32f0xx_hal_i2c_ex.o
                0x08006cfc                HAL_I2CEx_ConfigDigitalFilter
 .text.HAL_IWDG_Init
                0x08006d58       0x68 ./Drivers/STM32F0xx_HAL_Driver/Src/stm32f0xx_hal_iwdg.o
                0x08006d58                HAL_IWDG_Init
 .text.HAL_IWDG_Refresh
                0x08006dc0       0x10 ./Drivers/STM32F0xx_HAL_Driver/Src/stm32f0xx_hal_iwdg.o
                0x08006dc0                HAL_IWDG_Refresh
 .text.HAL_PCD_Init
                0x08006dd0      0x218 ./Drivers/STM32F0xx_HAL_Driver/Src/stm32f0xx_hal_pcd.o
                0x08006dd0                HAL_PCD_Init
 .text.HAL_PCD_Start
                0x08006fe8       0x2c ./Drivers/STM32F0xx_HAL_Driver/Src/stm32f0xx_hal_pcd.o
                0x08006fe8                HAL_PCD_Start
 .text.HAL_PCD_IRQHandler
                0x08007014      0xb40 ./Drivers/STM32F0xx_HAL_Driver/Src/stm32f0xx_hal_pcd.o
                0x08007014                HAL_PCD_IRQHandler
 .text.HAL_PCD_SetAddress
                0x08007b54       0x28 ./Drivers/STM32F0xx_HAL_Driver/Src/stm32f0xx_hal_pcd.o
                0x08007b54                HAL_PCD_SetAddress
 .text.HAL_PCD_EP_Open
                0x08007b7c       0x64 ./Drivers/STM32F0xx_HAL_Driver/Src/stm32f0xx_hal_pcd.o
                0x08007b7c                HAL_PCD_EP_Open
 .text.HAL_PCD_EP_Close
                0x08007be0       0x60 ./Drivers/STM32F0xx_HAL_Driver/Src/stm32f0xx_hal_pcd.o
                0x08007be0                HAL_PCD_EP_Close
 .text.HAL_PCD_EP_Receive
                0x08007c40       0x3c ./Drivers/STM32F0xx_HAL_Driver/Src/stm32f0xx_hal_pcd.o
                0x08007c40                HAL_PCD_EP_Receive
 .text.HAL_PCD_EP_GetRxCount
                0x08007c7c       0x14 ./Drivers/STM32F0xx_HAL_Driver/Src/stm32f0xx_hal_pcd.o
                0x08007c7c                HAL_PCD_EP_GetRxCount
 .text.HAL_PCD_EP_Transmit
                0x08007c90       0x34 ./Drivers/STM32F0xx_HAL_Driver/Src/stm32f0xx_hal_pcd.o
                0x08007c90                HAL_PCD_EP_Transmit
 .text.HAL_PCD_EP_SetStall
                0x08007cc4       0x78 ./Drivers/STM32F0xx_HAL_Driver/Src/stm32f0xx_hal_pcd.o
                0x08007cc4                HAL_PCD_EP_SetStall
 .text.HAL_PCD_EP_ClrStall
                0x08007d3c       0x74 ./Drivers/STM32F0xx_HAL_Driver/Src/stm32f0xx_hal_pcd.o
                0x08007d3c                HAL_PCD_EP_ClrStall
 .text.HAL_PCDEx_PMAConfig
                0x08007db0       0x3c ./Drivers/STM32F0xx_HAL_Driver/Src/stm32f0xx_hal_pcd_ex.o
                0x08007db0                HAL_PCDEx_PMAConfig
 .text.HAL_PCDEx_ActivateLPM
                0x08007dec       0x28 ./Drivers/STM32F0xx_HAL_Driver/Src/stm32f0xx_hal_pcd_ex.o
                0x08007dec                HAL_PCDEx_ActivateLPM
 .text.HAL_PCDEx_LPM_Callback
                0x08007e14        0x4 ./Drivers/STM32F0xx_HAL_Driver/Src/stm32f0xx_hal_pcd_ex.o
                0x08007e14                HAL_PCDEx_LPM_Callback
 .text.HAL_RCC_OscConfig
                0x08007e18      0x56c ./Drivers/STM32F0xx_HAL_Driver/Src/stm32f0xx_hal_rcc.o
                0x08007e18                HAL_RCC_OscConfig
 .text.HAL_RCC_ClockConfig
                0x08008384      0x19c ./Drivers/STM32F0xx_HAL_Driver/Src/stm32f0xx_hal_rcc.o
                0x08008384                HAL_RCC_ClockConfig
 .text.HAL_RCC_GetSysClockFreq
                0x08008520       0x74 ./Drivers/STM32F0xx_HAL_Driver/Src/stm32f0xx_hal_rcc.o
                0x08008520                HAL_RCC_GetSysClockFreq
 .text.HAL_RCC_GetPCLK1Freq
                0x08008594       0x20 ./Drivers/STM32F0xx_HAL_Driver/Src/stm32f0xx_hal_rcc.o
                0x08008594                HAL_RCC_GetPCLK1Freq
 .text.HAL_RCCEx_PeriphCLKConfig
                0x080085b4      0x16c ./Drivers/STM32F0xx_HAL_Driver/Src/stm32f0xx_hal_rcc_ex.o
                0x080085b4                HAL_RCCEx_PeriphCLKConfig
 .text.HAL_SPI_Init
                0x08008720      0x14c ./Drivers/STM32F0xx_HAL_Driver/Src/stm32f0xx_hal_spi.o
                0x08008720                HAL_SPI_Init
 .text.TIM_OC1_SetConfig
                0x0800886c       0x70 ./Drivers/STM32F0xx_HAL_Driver/Src/stm32f0xx_hal_tim.o
 .text.HAL_TIM_Base_Init
                0x080088dc      0x110 ./Drivers/STM32F0xx_HAL_Driver/Src/stm32f0xx_hal_tim.o
                0x080088dc                HAL_TIM_Base_Init
 .text.HAL_TIM_Base_Start
                0x080089ec       0x5c ./Drivers/STM32F0xx_HAL_Driver/Src/stm32f0xx_hal_tim.o
                0x080089ec                HAL_TIM_Base_Start
 .text.HAL_TIM_PWM_MspInit
                0x08008a48        0x4 ./Drivers/STM32F0xx_HAL_Driver/Src/stm32f0xx_hal_tim.o
                0x08008a48                HAL_TIM_PWM_MspInit
 .text.HAL_TIM_PWM_Init
                0x08008a4c      0x110 ./Drivers/STM32F0xx_HAL_Driver/Src/stm32f0xx_hal_tim.o
                0x08008a4c                HAL_TIM_PWM_Init
 .text.HAL_TIM_PWM_Start
                0x08008b5c       0xb8 ./Drivers/STM32F0xx_HAL_Driver/Src/stm32f0xx_hal_tim.o
                0x08008b5c                HAL_TIM_PWM_Start
 .text.HAL_TIM_PWM_ConfigChannel
                0x08008c14      0x20c ./Drivers/STM32F0xx_HAL_Driver/Src/stm32f0xx_hal_tim.o
                0x08008c14                HAL_TIM_PWM_ConfigChannel
 .text.HAL_TIM_ConfigClockSource
                0x08008e20      0x160 ./Drivers/STM32F0xx_HAL_Driver/Src/stm32f0xx_hal_tim.o
                0x08008e20                HAL_TIM_ConfigClockSource
 .text.HAL_TIMEx_MasterConfigSynchronization
                0x08008f80       0x64 ./Drivers/STM32F0xx_HAL_Driver/Src/stm32f0xx_hal_tim_ex.o
                0x08008f80                HAL_TIMEx_MasterConfigSynchronization
 .text.UART_AdvFeatureConfig
                0x08008fe4       0xd0 ./Drivers/STM32F0xx_HAL_Driver/Src/stm32f0xx_hal_uart.o
                0x08008fe4                UART_AdvFeatureConfig
 .text.UART_CheckIdleState
                0x080090b4      0x29c ./Drivers/STM32F0xx_HAL_Driver/Src/stm32f0xx_hal_uart.o
                0x080090b4                UART_CheckIdleState
 .text.HAL_UART_Init
                0x08009350      0x1ac ./Drivers/STM32F0xx_HAL_Driver/Src/stm32f0xx_hal_uart.o
                0x08009350                HAL_UART_Init
 .text.USB_EnableGlobalInt
                0x080094fc       0x14 ./Drivers/STM32F0xx_HAL_Driver/Src/stm32f0xx_ll_usb.o
                0x080094fc                USB_EnableGlobalInt
 .text.USB_DisableGlobalInt
                0x08009510       0x14 ./Drivers/STM32F0xx_HAL_Driver/Src/stm32f0xx_ll_usb.o
                0x08009510                USB_DisableGlobalInt
 .text.USB_DevInit
                0x08009524       0x1c ./Drivers/STM32F0xx_HAL_Driver/Src/stm32f0xx_ll_usb.o
                0x08009524                USB_DevInit
 .text.USB_ActivateEndpoint
                0x08009540      0x2c0 ./Drivers/STM32F0xx_HAL_Driver/Src/stm32f0xx_ll_usb.o
                0x08009540                USB_ActivateEndpoint
 .text.USB_DeactivateEndpoint
                0x08009800      0x10c ./Drivers/STM32F0xx_HAL_Driver/Src/stm32f0xx_ll_usb.o
                0x08009800                USB_DeactivateEndpoint
 .text.USB_EPStartXfer
                0x0800990c      0x600 ./Drivers/STM32F0xx_HAL_Driver/Src/stm32f0xx_ll_usb.o
                0x0800990c                USB_EPStartXfer
 .text.USB_EPSetStall
                0x08009f0c       0x48 ./Drivers/STM32F0xx_HAL_Driver/Src/stm32f0xx_ll_usb.o
                0x08009f0c                USB_EPSetStall
 .text.USB_EPClearStall
                0x08009f54       0x80 ./Drivers/STM32F0xx_HAL_Driver/Src/stm32f0xx_ll_usb.o
                0x08009f54                USB_EPClearStall
 .text.USB_SetDevAddress
                0x08009fd4       0x10 ./Drivers/STM32F0xx_HAL_Driver/Src/stm32f0xx_ll_usb.o
                0x08009fd4                USB_SetDevAddress
 .text.USB_DevConnect
                0x08009fe4       0x10 ./Drivers/STM32F0xx_HAL_Driver/Src/stm32f0xx_ll_usb.o
                0x08009fe4                USB_DevConnect
 .text.USB_ReadInterrupts
                0x08009ff4        0x8 ./Drivers/STM32F0xx_HAL_Driver/Src/stm32f0xx_ll_usb.o
                0x08009ff4                USB_ReadInterrupts
 .text.USB_WritePMA
                0x08009ffc       0x30 ./Drivers/STM32F0xx_HAL_Driver/Src/stm32f0xx_ll_usb.o
                0x08009ffc                USB_WritePMA
 .text.USB_ReadPMA
                0x0800a02c       0x3c ./Drivers/STM32F0xx_HAL_Driver/Src/stm32f0xx_ll_usb.o
                0x0800a02c                USB_ReadPMA
 .text.USBD_CDC_EP0_RxReady
                0x0800a068       0x34 ./Middlewares/ST/STM32_USB_Device_Library/Class/CDC/Src/usbd_cdc.o
 .text.USBD_CDC_GetFSCfgDesc
                0x0800a09c        0xc ./Middlewares/ST/STM32_USB_Device_Library/Class/CDC/Src/usbd_cdc.o
 .text.USBD_CDC_GetHSCfgDesc
                0x0800a0a8        0xc ./Middlewares/ST/STM32_USB_Device_Library/Class/CDC/Src/usbd_cdc.o
 .text.USBD_CDC_GetOtherSpeedCfgDesc
                0x0800a0b4        0xc ./Middlewares/ST/STM32_USB_Device_Library/Class/CDC/Src/usbd_cdc.o
 .text.USBD_CDC_GetDeviceQualifierDescriptor
                0x0800a0c0        0xc ./Middlewares/ST/STM32_USB_Device_Library/Class/CDC/Src/usbd_cdc.o
                0x0800a0c0                USBD_CDC_GetDeviceQualifierDescriptor
 .text.USBD_CDC_DataOut
                0x0800a0cc       0x34 ./Middlewares/ST/STM32_USB_Device_Library/Class/CDC/Src/usbd_cdc.o
 .text.USBD_CDC_DataIn
                0x0800a100       0x50 ./Middlewares/ST/STM32_USB_Device_Library/Class/CDC/Src/usbd_cdc.o
 .text.USBD_CDC_Setup
                0x0800a150       0xd8 ./Middlewares/ST/STM32_USB_Device_Library/Class/CDC/Src/usbd_cdc.o
 .text.USBD_CDC_DeInit
                0x0800a228       0x48 ./Middlewares/ST/STM32_USB_Device_Library/Class/CDC/Src/usbd_cdc.o
 .text.USBD_CDC_Init
                0x0800a270       0xb4 ./Middlewares/ST/STM32_USB_Device_Library/Class/CDC/Src/usbd_cdc.o
 .text.USBD_CDC_RegisterInterface
                0x0800a324       0x14 ./Middlewares/ST/STM32_USB_Device_Library/Class/CDC/Src/usbd_cdc.o
                0x0800a324                USBD_CDC_RegisterInterface
 .text.USBD_CDC_SetTxBuffer
                0x0800a338       0x18 ./Middlewares/ST/STM32_USB_Device_Library/Class/CDC/Src/usbd_cdc.o
                0x0800a338                USBD_CDC_SetTxBuffer
 .text.USBD_CDC_SetRxBuffer
                0x0800a350       0x10 ./Middlewares/ST/STM32_USB_Device_Library/Class/CDC/Src/usbd_cdc.o
                0x0800a350                USBD_CDC_SetRxBuffer
 .text.USBD_CDC_TransmitPacket
                0x0800a360       0x3c ./Middlewares/ST/STM32_USB_Device_Library/Class/CDC/Src/usbd_cdc.o
                0x0800a360                USBD_CDC_TransmitPacket
 .text.USBD_CDC_ReceivePacket
                0x0800a39c       0x34 ./Middlewares/ST/STM32_USB_Device_Library/Class/CDC/Src/usbd_cdc.o
                0x0800a39c                USBD_CDC_ReceivePacket
 .text.USBD_Init
                0x0800a3d0       0x34 ./Middlewares/ST/STM32_USB_Device_Library/Core/Src/usbd_core.o
                0x0800a3d0                USBD_Init
 .text.USBD_RegisterClass
                0x0800a404       0x14 ./Middlewares/ST/STM32_USB_Device_Library/Core/Src/usbd_core.o
                0x0800a404                USBD_RegisterClass
 .text.USBD_Start
                0x0800a418        0xc ./Middlewares/ST/STM32_USB_Device_Library/Core/Src/usbd_core.o
                0x0800a418                USBD_Start
 .text.USBD_SetClassConfig
                0x0800a424       0x1c ./Middlewares/ST/STM32_USB_Device_Library/Core/Src/usbd_core.o
                0x0800a424                USBD_SetClassConfig
 .text.USBD_ClrClassConfig
                0x0800a440       0x10 ./Middlewares/ST/STM32_USB_Device_Library/Core/Src/usbd_core.o
                0x0800a440                USBD_ClrClassConfig
 .text.USBD_LL_SetupStage
                0x0800a450       0x64 ./Middlewares/ST/STM32_USB_Device_Library/Core/Src/usbd_core.o
                0x0800a450                USBD_LL_SetupStage
 .text.USBD_LL_DataOutStage
                0x0800a4b4       0x98 ./Middlewares/ST/STM32_USB_Device_Library/Core/Src/usbd_core.o
                0x0800a4b4                USBD_LL_DataOutStage
 .text.USBD_LL_DataInStage
                0x0800a54c       0xcc ./Middlewares/ST/STM32_USB_Device_Library/Core/Src/usbd_core.o
                0x0800a54c                USBD_LL_DataInStage
 .text.USBD_LL_Reset
                0x0800a618       0x60 ./Middlewares/ST/STM32_USB_Device_Library/Core/Src/usbd_core.o
                0x0800a618                USBD_LL_Reset
 .text.USBD_LL_SetSpeed
                0x0800a678        0x8 ./Middlewares/ST/STM32_USB_Device_Library/Core/Src/usbd_core.o
                0x0800a678                USBD_LL_SetSpeed
 .text.USBD_LL_Suspend
                0x0800a680       0x18 ./Middlewares/ST/STM32_USB_Device_Library/Core/Src/usbd_core.o
                0x0800a680                USBD_LL_Suspend
 .text.USBD_LL_Resume
                0x0800a698       0x18 ./Middlewares/ST/STM32_USB_Device_Library/Core/Src/usbd_core.o
                0x0800a698                USBD_LL_Resume
 .text.USBD_LL_SOF
                0x0800a6b0       0x20 ./Middlewares/ST/STM32_USB_Device_Library/Core/Src/usbd_core.o
                0x0800a6b0                USBD_LL_SOF
 .text.USBD_StdDevReq
                0x0800a6d0      0x2e8 ./Middlewares/ST/STM32_USB_Device_Library/Core/Src/usbd_ctlreq.o
                0x0800a6d0                USBD_StdDevReq
 .text.USBD_StdItfReq
                0x0800a9b8       0x5c ./Middlewares/ST/STM32_USB_Device_Library/Core/Src/usbd_ctlreq.o
                0x0800a9b8                USBD_StdItfReq
 .text.USBD_StdEPReq
                0x0800aa14      0x150 ./Middlewares/ST/STM32_USB_Device_Library/Core/Src/usbd_ctlreq.o
                0x0800aa14                USBD_StdEPReq
 .text.USBD_ParseSetupRequest
                0x0800ab64       0x28 ./Middlewares/ST/STM32_USB_Device_Library/Core/Src/usbd_ctlreq.o
                0x0800ab64                USBD_ParseSetupRequest
 .text.USBD_CtlError
                0x0800ab8c       0x14 ./Middlewares/ST/STM32_USB_Device_Library/Core/Src/usbd_ctlreq.o
                0x0800ab8c                USBD_CtlError
 .text.USBD_GetString
                0x0800aba0       0x50 ./Middlewares/ST/STM32_USB_Device_Library/Core/Src/usbd_ctlreq.o
                0x0800aba0                USBD_GetString
 .text.USBD_CtlSendData
                0x0800abf0       0x1c ./Middlewares/ST/STM32_USB_Device_Library/Core/Src/usbd_ioreq.o
                0x0800abf0                USBD_CtlSendData
 .text.USBD_CtlContinueSendData
                0x0800ac0c       0x10 ./Middlewares/ST/STM32_USB_Device_Library/Core/Src/usbd_ioreq.o
                0x0800ac0c                USBD_CtlContinueSendData
 .text.USBD_CtlPrepareRx
                0x0800ac1c       0x24 ./Middlewares/ST/STM32_USB_Device_Library/Core/Src/usbd_ioreq.o
                0x0800ac1c                USBD_CtlPrepareRx
 .text.USBD_CtlContinueRx
                0x0800ac40       0x10 ./Middlewares/ST/STM32_USB_Device_Library/Core/Src/usbd_ioreq.o
                0x0800ac40                USBD_CtlContinueRx
 .text.USBD_CtlSendStatus
                0x0800ac50       0x18 ./Middlewares/ST/STM32_USB_Device_Library/Core/Src/usbd_ioreq.o
                0x0800ac50                USBD_CtlSendStatus
 .text.USBD_CtlReceiveStatus
                0x0800ac68       0x18 ./Middlewares/ST/STM32_USB_Device_Library/Core/Src/usbd_ioreq.o
                0x0800ac68                USBD_CtlReceiveStatus
 .text.MX_USB_DEVICE_Init
                0x0800ac80       0x7c ./USB_DEVICE/App/usb_device.o
                0x0800ac80                MX_USB_DEVICE_Init
 .text.CDC_DeInit_FS
                0x0800acfc        0x4 ./USB_DEVICE/App/usbd_cdc_if.o
 .text.CDC_Control_FS
                0x0800ad00        0x4 ./USB_DEVICE/App/usbd_cdc_if.o
 .text.CDC_Receive_FS
                0x0800ad04       0x50 ./USB_DEVICE/App/usbd_cdc_if.o
 .text.CDC_Init_FS
                0x0800ad54       0x28 ./USB_DEVICE/App/usbd_cdc_if.o
 .text.CDC_Transmit_FS
                0x0800ad7c       0x2c ./USB_DEVICE/App/usbd_cdc_if.o
                0x0800ad7c                CDC_Transmit_FS
 .text.USBD_FS_DeviceDescriptor
                0x0800ada8        0xc ./USB_DEVICE/App/usbd_desc.o
                0x0800ada8                USBD_FS_DeviceDescriptor
 .text.USBD_FS_LangIDStrDescriptor
                0x0800adb4        0xc ./USB_DEVICE/App/usbd_desc.o
                0x0800adb4                USBD_FS_LangIDStrDescriptor
 .text.USBD_FS_ManufacturerStrDescriptor
                0x0800adc0       0x1c ./USB_DEVICE/App/usbd_desc.o
                0x0800adc0                USBD_FS_ManufacturerStrDescriptor
 .text.USBD_FS_ProductStrDescriptor
                0x0800addc       0x1c ./USB_DEVICE/App/usbd_desc.o
                0x0800addc                USBD_FS_ProductStrDescriptor
 .text.USBD_FS_ConfigStrDescriptor
                0x0800adf8       0x1c ./USB_DEVICE/App/usbd_desc.o
                0x0800adf8                USBD_FS_ConfigStrDescriptor
 .text.USBD_FS_InterfaceStrDescriptor
                0x0800ae14       0x1c ./USB_DEVICE/App/usbd_desc.o
                0x0800ae14                USBD_FS_InterfaceStrDescriptor
 .text.USBD_FS_SerialStrDescriptor
                0x0800ae30      0x160 ./USB_DEVICE/App/usbd_desc.o
                0x0800ae30                USBD_FS_SerialStrDescriptor
 .text.HAL_PCD_MspInit
                0x0800af90       0x40 ./USB_DEVICE/Target/usbd_conf.o
                0x0800af90                HAL_PCD_MspInit
 .text.HAL_PCD_SetupStageCallback
                0x0800afd0       0x14 ./USB_DEVICE/Target/usbd_conf.o
                0x0800afd0                HAL_PCD_SetupStageCallback
 .text.HAL_PCD_DataOutStageCallback
                0x0800afe4       0x1c ./USB_DEVICE/Target/usbd_conf.o
                0x0800afe4                HAL_PCD_DataOutStageCallback
 .text.HAL_PCD_DataInStageCallback
                0x0800b000       0x18 ./USB_DEVICE/Target/usbd_conf.o
                0x0800b000                HAL_PCD_DataInStageCallback
 .text.HAL_PCD_SOFCallback
                0x0800b018       0x10 ./USB_DEVICE/Target/usbd_conf.o
                0x0800b018                HAL_PCD_SOFCallback
 .text.HAL_PCD_ResetCallback
                0x0800b028       0x24 ./USB_DEVICE/Target/usbd_conf.o
                0x0800b028                HAL_PCD_ResetCallback
 .text.HAL_PCD_SuspendCallback
                0x0800b04c       0x24 ./USB_DEVICE/Target/usbd_conf.o
                0x0800b04c                HAL_PCD_SuspendCallback
 .text.HAL_PCD_ResumeCallback
                0x0800b070       0x2c ./USB_DEVICE/Target/usbd_conf.o
                0x0800b070                HAL_PCD_ResumeCallback
 .text.USBD_LL_Init
                0x0800b09c       0x84 ./USB_DEVICE/Target/usbd_conf.o
                0x0800b09c                USBD_LL_Init
 .text.USBD_LL_Start
                0x0800b120       0x1c ./USB_DEVICE/Target/usbd_conf.o
                0x0800b120                USBD_LL_Start
 .text.USBD_LL_OpenEP
                0x0800b13c       0x20 ./USB_DEVICE/Target/usbd_conf.o
                0x0800b13c                USBD_LL_OpenEP
 .text.USBD_LL_CloseEP
                0x0800b15c       0x1c ./USB_DEVICE/Target/usbd_conf.o
                0x0800b15c                USBD_LL_CloseEP
 .text.USBD_LL_StallEP
                0x0800b178       0x1c ./USB_DEVICE/Target/usbd_conf.o
                0x0800b178                USBD_LL_StallEP
 .text.USBD_LL_ClearStallEP
                0x0800b194       0x1c ./USB_DEVICE/Target/usbd_conf.o
                0x0800b194                USBD_LL_ClearStallEP
 .text.USBD_LL_IsStallEP
                0x0800b1b0       0x2c ./USB_DEVICE/Target/usbd_conf.o
                0x0800b1b0                USBD_LL_IsStallEP
 .text.USBD_LL_SetUSBAddress
                0x0800b1dc       0x1c ./USB_DEVICE/Target/usbd_conf.o
                0x0800b1dc                USBD_LL_SetUSBAddress
 .text.USBD_LL_Transmit
                0x0800b1f8       0x1c ./USB_DEVICE/Target/usbd_conf.o
                0x0800b1f8                USBD_LL_Transmit
 .text.USBD_LL_PrepareReceive
                0x0800b214       0x1c ./USB_DEVICE/Target/usbd_conf.o
                0x0800b214                USBD_LL_PrepareReceive
 .text.USBD_LL_GetRxDataSize
                0x0800b230       0x10 ./USB_DEVICE/Target/usbd_conf.o
                0x0800b230                USBD_LL_GetRxDataSize
 .text.USBD_static_malloc
                0x0800b240        0x8 ./USB_DEVICE/Target/usbd_conf.o
                0x0800b240                USBD_static_malloc
 .text.USBD_static_free
                0x0800b248        0x4 ./USB_DEVICE/Target/usbd_conf.o
                0x0800b248                USBD_static_free
 .text.memset   0x0800b24c       0x10 C:/ST/STM32CubeIDE_1.19.0/STM32CubeIDE/plugins/com.st.stm32cube.ide.mcu.externaltools.gnu-tools-for-stm32.13.3.rel1.win32_1.0.0.202411081344/tools/bin/../lib/gcc/arm-none-eabi/13.3.1/../../../../arm-none-eabi/lib/thumb/v6-m/nofp\libc_nano.a(libc_a-memset.o)
                0x0800b24c                memset
 .text.__libc_init_array
                0x0800b25c       0x48 C:/ST/STM32CubeIDE_1.19.0/STM32CubeIDE/plugins/com.st.stm32cube.ide.mcu.externaltools.gnu-tools-for-stm32.13.3.rel1.win32_1.0.0.202411081344/tools/bin/../lib/gcc/arm-none-eabi/13.3.1/../../../../arm-none-eabi/lib/thumb/v6-m/nofp\libc_nano.a(libc_a-init.o)
                0x0800b25c                __libc_init_array
 .text.memcpy   0x0800b2a4       0x12 C:/ST/STM32CubeIDE_1.19.0/STM32CubeIDE/plugins/com.st.stm32cube.ide.mcu.externaltools.gnu-tools-for-stm32.13.3.rel1.win32_1.0.0.202411081344/tools/bin/../lib/gcc/arm-none-eabi/13.3.1/../../../../arm-none-eabi/lib/thumb/v6-m/nofp\libc_nano.a(libc_a-memcpy-stub.o)
                0x0800b2a4                memcpy
 *(.glue_7)
 .glue_7        0x0800b2b6        0x0 linker stubs
 *(.glue_7t)
 .glue_7t       0x0800b2b6        0x0 linker stubs
 *(.eh_frame)
 *fill*         0x0800b2b6        0x2 
 .eh_frame      0x0800b2b8        0x0 C:/ST/STM32CubeIDE_1.19.0/STM32CubeIDE/plugins/com.st.stm32cube.ide.mcu.externaltools.gnu-tools-for-stm32.13.3.rel1.win32_1.0.0.202411081344/tools/bin/../lib/gcc/arm-none-eabi/13.3.1/thumb/v6-m/nofp/crtbegin.o
 *(.init)
 .init          0x0800b2b8        0x4 C:/ST/STM32CubeIDE_1.19.0/STM32CubeIDE/plugins/com.st.stm32cube.ide.mcu.externaltools.gnu-tools-for-stm32.13.3.rel1.win32_1.0.0.202411081344/tools/bin/../lib/gcc/arm-none-eabi/13.3.1/thumb/v6-m/nofp/crti.o
                0x0800b2b8                _init
 .init          0x0800b2bc        0x8 C:/ST/STM32CubeIDE_1.19.0/STM32CubeIDE/plugins/com.st.stm32cube.ide.mcu.externaltools.gnu-tools-for-stm32.13.3.rel1.win32_1.0.0.202411081344/tools/bin/../lib/gcc/arm-none-eabi/13.3.1/thumb/v6-m/nofp/crtn.o
 *(.fini)
 .fini          0x0800b2c4        0x4 C:/ST/STM32CubeIDE_1.19.0/STM32CubeIDE/plugins/com.st.stm32cube.ide.mcu.externaltools.gnu-tools-for-stm32.13.3.rel1.win32_1.0.0.202411081344/tools/bin/../lib/gcc/arm-none-eabi/13.3.1/thumb/v6-m/nofp/crti.o
                0x0800b2c4                _fini
 .fini          0x0800b2c8        0x8 C:/ST/STM32CubeIDE_1.19.0/STM32CubeIDE/plugins/com.st.stm32cube.ide.mcu.externaltools.gnu-tools-for-stm32.13.3.rel1.win32_1.0.0.202411081344/tools/bin/../lib/gcc/arm-none-eabi/13.3.1/thumb/v6-m/nofp/crtn.o
                0x0800b2d0                        . = ALIGN (0x4)
                0x0800b2d0                        _etext = .

.vfp11_veneer   0x0800b2d0        0x0
 .vfp11_veneer  0x0800b2d0        0x0 linker stubs

.v4_bx          0x0800b2d0        0x0
 .v4_bx         0x0800b2d0        0x0 linker stubs

.iplt           0x0800b2d0        0x0
 .iplt          0x0800b2d0        0x0 C:/ST/STM32CubeIDE_1.19.0/STM32CubeIDE/plugins/com.st.stm32cube.ide.mcu.externaltools.gnu-tools-for-stm32.13.3.rel1.win32_1.0.0.202411081344/tools/bin/../lib/gcc/arm-none-eabi/13.3.1/thumb/v6-m/nofp/crtbegin.o

.rodata         0x0800b2d0      0x1a4
                0x0800b2d0                        . = ALIGN (0x4)
 *(.rodata)
 .rodata        0x0800b2d0       0x7c C:/ST/STM32CubeIDE_1.19.0/STM32CubeIDE/plugins/com.st.stm32cube.ide.mcu.externaltools.gnu-tools-for-stm32.13.3.rel1.win32_1.0.0.202411081344/tools/bin/../lib/gcc/arm-none-eabi/13.3.1/thumb/v6-m/nofp\libgcc.a(divsf3.o)
 .rodata        0x0800b34c       0x40 C:/ST/STM32CubeIDE_1.19.0/STM32CubeIDE/plugins/com.st.stm32cube.ide.mcu.externaltools.gnu-tools-for-stm32.13.3.rel1.win32_1.0.0.202411081344/tools/bin/../lib/gcc/arm-none-eabi/13.3.1/thumb/v6-m/nofp\libgcc.a(divdf3.o)
 *(.rodata*)
 .rodata.FAC_settings_command_response
                0x0800b38c       0x20 ./Core/Src/FAC_Code/fac_settings.o
 .rodata.APBPrescTable
                0x0800b3ac        0x8 ./Core/Src/system_stm32f0xx.o
                0x0800b3ac                APBPrescTable
 .rodata.AHBPrescTable
                0x0800b3b4       0x10 ./Core/Src/system_stm32f0xx.o
                0x0800b3b4                AHBPrescTable
 .rodata.aPredivFactorTable.0
                0x0800b3c4       0x10 ./Drivers/STM32F0xx_HAL_Driver/Src/stm32f0xx_hal_rcc.o
 .rodata.aPLLMULFactorTable.1
                0x0800b3d4       0x10 ./Drivers/STM32F0xx_HAL_Driver/Src/stm32f0xx_hal_rcc.o
 .rodata.USBD_StdDevReq
                0x0800b3e4       0x60 ./Middlewares/ST/STM32_USB_Device_Library/Core/Src/usbd_ctlreq.o
 .rodata.USBD_FS_ManufacturerStrDescriptor.str1.4
                0x0800b444       0x2e ./USB_DEVICE/App/usbd_desc.o
                                  0xb (size before relaxing)
 .rodata.USBD_FS_ProductStrDescriptor.str1.4
                0x0800b472        0x7 ./USB_DEVICE/App/usbd_desc.o
 .rodata.USBD_FS_ConfigStrDescriptor.str1.4
                0x0800b472        0xb ./USB_DEVICE/App/usbd_desc.o
 .rodata.USBD_FS_InterfaceStrDescriptor.str1.4
                0x0800b472        0xe ./USB_DEVICE/App/usbd_desc.o
                0x0800b480                        . = ALIGN (0x4)
 *fill*         0x0800b472        0x2 

.ARM.extab      0x0800b474        0x0
                0x0800b474                        . = ALIGN (0x4)
 *(.ARM.extab* .gnu.linkonce.armextab.*)
                0x0800b474                        . = ALIGN (0x4)

.ARM            0x0800b474        0x8
                0x0800b474                        . = ALIGN (0x4)
                0x0800b474                        __exidx_start = .
 *(.ARM.exidx*)
 .ARM.exidx     0x0800b474        0x8 C:/ST/STM32CubeIDE_1.19.0/STM32CubeIDE/plugins/com.st.stm32cube.ide.mcu.externaltools.gnu-tools-for-stm32.13.3.rel1.win32_1.0.0.202411081344/tools/bin/../lib/gcc/arm-none-eabi/13.3.1/thumb/v6-m/nofp\libgcc.a(_udivmoddi4.o)
 .ARM.exidx     0x0800b47c        0x0 C:/ST/STM32CubeIDE_1.19.0/STM32CubeIDE/plugins/com.st.stm32cube.ide.mcu.externaltools.gnu-tools-for-stm32.13.3.rel1.win32_1.0.0.202411081344/tools/bin/../lib/gcc/arm-none-eabi/13.3.1/thumb/v6-m/nofp\libgcc.a(_divdi3.o)
                                  0x8 (size before relaxing)
                0x0800b47c                        __exidx_end = .
                0x0800b47c                        . = ALIGN (0x4)

.preinit_array  0x0800b47c        0x0
                0x0800b47c                        . = ALIGN (0x4)
                0x0800b47c                        PROVIDE (__preinit_array_start = .)
 *(.preinit_array*)
                0x0800b47c                        PROVIDE (__preinit_array_end = .)
                0x0800b47c                        . = ALIGN (0x4)

.init_array     0x0800b47c        0x4
                0x0800b47c                        . = ALIGN (0x4)
                0x0800b47c                        PROVIDE (__init_array_start = .)
 *(SORT_BY_NAME(.init_array.*))
 *(.init_array*)
 .init_array    0x0800b47c        0x4 C:/ST/STM32CubeIDE_1.19.0/STM32CubeIDE/plugins/com.st.stm32cube.ide.mcu.externaltools.gnu-tools-for-stm32.13.3.rel1.win32_1.0.0.202411081344/tools/bin/../lib/gcc/arm-none-eabi/13.3.1/thumb/v6-m/nofp/crtbegin.o
                0x0800b480                        PROVIDE (__init_array_end = .)
                0x0800b480                        . = ALIGN (0x4)

.fini_array     0x0800b480        0x4
                0x0800b480                        . = ALIGN (0x4)
                [!provide]                        PROVIDE (__fini_array_start = .)
 *(SORT_BY_NAME(.fini_array.*))
 *(.fini_array*)
 .fini_array    0x0800b480        0x4 C:/ST/STM32CubeIDE_1.19.0/STM32CubeIDE/plugins/com.st.stm32cube.ide.mcu.externaltools.gnu-tools-for-stm32.13.3.rel1.win32_1.0.0.202411081344/tools/bin/../lib/gcc/arm-none-eabi/13.3.1/thumb/v6-m/nofp/crtbegin.o
                [!provide]                        PROVIDE (__fini_array_end = .)
                0x0800b484                        . = ALIGN (0x4)
                0x0800b484                        _sidata = LOADADDR (.data)

.rel.dyn        0x0800b484        0x0
 .rel.iplt      0x0800b484        0x0 C:/ST/STM32CubeIDE_1.19.0/STM32CubeIDE/plugins/com.st.stm32cube.ide.mcu.externaltools.gnu-tools-for-stm32.13.3.rel1.win32_1.0.0.202411081344/tools/bin/../lib/gcc/arm-none-eabi/13.3.1/thumb/v6-m/nofp/crtbegin.o

.data           0x20000000      0x37c load address 0x0800b484
                0x20000000                        . = ALIGN (0x4)
                0x20000000                        _sdata = .
 *(.data)
 *(.data*)
 .data.settings
                0x20000000      0x200 ./Core/Src/FAC_Code/fac_settings.o
 .data.SystemCoreClock
                0x20000200        0x4 ./Core/Src/system_stm32f0xx.o
                0x20000200                SystemCoreClock
 .data.uwTickFreq
                0x20000204        0x1 ./Drivers/STM32F0xx_HAL_Driver/Src/stm32f0xx_hal.o
                0x20000204                uwTickFreq
 *fill*         0x20000205        0x3 
 .data.uwTickPrio
                0x20000208        0x4 ./Drivers/STM32F0xx_HAL_Driver/Src/stm32f0xx_hal.o
                0x20000208                uwTickPrio
 .data.USBD_CDC_OtherSpeedCfgDesc
                0x2000020c       0x43 ./Middlewares/ST/STM32_USB_Device_Library/Class/CDC/Src/usbd_cdc.o
                0x2000020c                USBD_CDC_OtherSpeedCfgDesc
 *fill*         0x2000024f        0x1 
 .data.USBD_CDC_CfgFSDesc
                0x20000250       0x43 ./Middlewares/ST/STM32_USB_Device_Library/Class/CDC/Src/usbd_cdc.o
                0x20000250                USBD_CDC_CfgFSDesc
 *fill*         0x20000293        0x1 
 .data.USBD_CDC_CfgHSDesc
                0x20000294       0x43 ./Middlewares/ST/STM32_USB_Device_Library/Class/CDC/Src/usbd_cdc.o
                0x20000294                USBD_CDC_CfgHSDesc
 *fill*         0x200002d7        0x1 
 .data.USBD_CDC
                0x200002d8       0x38 ./Middlewares/ST/STM32_USB_Device_Library/Class/CDC/Src/usbd_cdc.o
                0x200002d8                USBD_CDC
 .data.USBD_CDC_DeviceQualifierDesc
                0x20000310        0xa ./Middlewares/ST/STM32_USB_Device_Library/Class/CDC/Src/usbd_cdc.o
 *fill*         0x2000031a        0x2 
 .data.USBD_Interface_fops_FS
                0x2000031c       0x10 ./USB_DEVICE/App/usbd_cdc_if.o
                0x2000031c                USBD_Interface_fops_FS
 .data.USBD_StringSerial
                0x2000032c       0x1a ./USB_DEVICE/App/usbd_desc.o
                0x2000032c                USBD_StringSerial
 *fill*         0x20000346        0x2 
 .data.USBD_LangIDDesc
                0x20000348        0x4 ./USB_DEVICE/App/usbd_desc.o
                0x20000348                USBD_LangIDDesc
 .data.USBD_FS_DeviceDesc
                0x2000034c       0x12 ./USB_DEVICE/App/usbd_desc.o
                0x2000034c                USBD_FS_DeviceDesc
 *fill*         0x2000035e        0x2 
 .data.FS_Desc  0x20000360       0x1c ./USB_DEVICE/App/usbd_desc.o
                0x20000360                FS_Desc
 *(.RamFunc)
 *(.RamFunc*)
                0x2000037c                        . = ALIGN (0x4)
                0x2000037c                        _edata = .

.igot.plt       0x2000037c        0x0 load address 0x0800b800
 .igot.plt      0x2000037c        0x0 C:/ST/STM32CubeIDE_1.19.0/STM32CubeIDE/plugins/com.st.stm32cube.ide.mcu.externaltools.gnu-tools-for-stm32.13.3.rel1.win32_1.0.0.202411081344/tools/bin/../lib/gcc/arm-none-eabi/13.3.1/thumb/v6-m/nofp/crtbegin.o
                0x2000037c                        . = ALIGN (0x4)

.bss            0x20000380     0x26c8 load address 0x0800b800
                0x20000380                        _sbss = .
                0x20000380                        __bss_start__ = _sbss
 *(.bss)
 .bss           0x20000380       0x1c C:/ST/STM32CubeIDE_1.19.0/STM32CubeIDE/plugins/com.st.stm32cube.ide.mcu.externaltools.gnu-tools-for-stm32.13.3.rel1.win32_1.0.0.202411081344/tools/bin/../lib/gcc/arm-none-eabi/13.3.1/thumb/v6-m/nofp/crtbegin.o
 *(.bss*)
 .bss.adc       0x2000039c        0xc ./Core/Src/FAC_Code/fac_adc.o
 .bss.time.0    0x200003a8        0x4 ./Core/Src/FAC_Code/fac_app.o
 .bss.timerTone.1
                0x200003ac        0x4 ./Core/Src/FAC_Code/fac_app.o
 .bss.timerStatusLed.2
                0x200003b0        0x4 ./Core/Src/FAC_Code/fac_app.o
 .bss.timerLowBattery.3
                0x200003b4        0x4 ./Core/Src/FAC_Code/fac_app.o
 .bss.timerCutOff.4
                0x200003b8        0x4 ./Core/Src/FAC_Code/fac_app.o
 .bss.timerStatusLed.5
                0x200003bc        0x4 ./Core/Src/FAC_Code/fac_app.o
 .bss.timerTone.6
                0x200003c0        0x4 ./Core/Src/FAC_Code/fac_app.o
 .bss.newComSerialReceived
                0x200003c4        0x1 ./Core/Src/FAC_Code/fac_app.o
                0x200003c4                newComSerialReceived
 *fill*         0x200003c5        0x3 
 .bss.fac_application
                0x200003c8        0x3 ./Core/Src/FAC_Code/fac_app.o
 *fill*         0x200003cb        0x1 
 .bss.battery   0x200003cc        0xe ./Core/Src/FAC_Code/fac_battery.o
 *fill*         0x200003da        0x2 
 .bss.eeprom    0x200003dc        0x1 ./Core/Src/FAC_Code/fac_eeprom.o
 *fill*         0x200003dd        0x3 
 .bss.gyro      0x200003e0       0x20 ./Core/Src/FAC_Code/fac_imu.o
 .bss.motors    0x20000400        0xc ./Core/Src/FAC_Code/fac_motors.o
 .bss.motor3    0x2000040c        0xa ./Core/Src/FAC_Code/fac_motors.o
 *fill*         0x20000416        0x2 
 .bss.motor2    0x20000418        0xa ./Core/Src/FAC_Code/fac_motors.o
 *fill*         0x20000422        0x2 
 .bss.motor1    0x20000424        0xa ./Core/Src/FAC_Code/fac_motors.o
 *fill*         0x2000042e        0x2 
 .bss.ppmReceiver
                0x20000430       0x18 ./Core/Src/FAC_Code/fac_ppm_receiver.o
 .bss.pwmReceiver
                0x20000448       0x20 ./Core/Src/FAC_Code/fac_pwm_receiver.o
 .bss.servos    0x20000468        0x8 ./Core/Src/FAC_Code/fac_servo.o
 .bss.servo2    0x20000470        0xc ./Core/Src/FAC_Code/fac_servo.o
 .bss.servo1    0x2000047c        0xc ./Core/Src/FAC_Code/fac_servo.o
 .bss.comSerialBuffer
                0x20000488       0x40 ./Core/Src/FAC_Code/fac_settings.o
                0x20000488                comSerialBuffer
 .bss.channelToCheck.0
                0x200004c8        0x1 ./Core/Src/FAC_Code/fac_std_receiver.o
 *fill*         0x200004c9        0x3 
 .bss.receiver  0x200004cc       0x12 ./Core/Src/FAC_Code/fac_std_receiver.o
                0x200004cc                receiver
 *fill*         0x200004de        0x2 
 .bss.sFunctions
                0x200004e0       0xb4 ./Core/Src/FAC_Code/mixes_functions/fac_functions.o
                0x200004e0                sFunctions
 .bss.mixes     0x20000594       0x5c ./Core/Src/FAC_Code/mixes_functions/fac_mixes.o
 .bss.dataA     0x200005f0      0xfa0 ./Core/Src/Libraries/DMApwm.o
 .bss.hdma_adc  0x20001590       0x44 ./Core/Src/adc.o
                0x20001590                hdma_adc
 .bss.hadc      0x200015d4       0x40 ./Core/Src/adc.o
                0x200015d4                hadc
 .bss.hi2c1     0x20001614       0x54 ./Core/Src/i2c.o
                0x20001614                hi2c1
 .bss.hiwdg     0x20001668       0x10 ./Core/Src/iwdg.o
                0x20001668                hiwdg
 .bss.hspi2     0x20001678       0x64 ./Core/Src/spi.o
                0x20001678                hspi2
 .bss.hdma_tim1_up
                0x200016dc       0x44 ./Core/Src/tim.o
                0x200016dc                hdma_tim1_up
 .bss.htim3     0x20001720       0x48 ./Core/Src/tim.o
                0x20001720                htim3
 .bss.htim2     0x20001768       0x48 ./Core/Src/tim.o
                0x20001768                htim2
 .bss.htim1     0x200017b0       0x48 ./Core/Src/tim.o
                0x200017b0                htim1
 .bss.huart1    0x200017f8       0x88 ./Core/Src/usart.o
                0x200017f8                huart1
 .bss.uwTick    0x20001880        0x4 ./Drivers/STM32F0xx_HAL_Driver/Src/stm32f0xx_hal.o
                0x20001880                uwTick
 .bss.cfgidx.0  0x20001884        0x1 ./Middlewares/ST/STM32_USB_Device_Library/Core/Src/usbd_ctlreq.o
 *fill*         0x20001885        0x3 
 .bss.hUsbDeviceFS
                0x20001888      0x2c4 ./USB_DEVICE/App/usb_device.o
                0x20001888                hUsbDeviceFS
 .bss.UserTxBufferFS
                0x20001b4c      0x400 ./USB_DEVICE/App/usbd_cdc_if.o
                0x20001b4c                UserTxBufferFS
 .bss.UserRxBufferFS
                0x20001f4c      0x400 ./USB_DEVICE/App/usbd_cdc_if.o
                0x20001f4c                UserRxBufferFS
 .bss.USBD_StrDesc
                0x2000234c      0x200 ./USB_DEVICE/App/usbd_desc.o
                0x2000234c                USBD_StrDesc
 .bss.mem.0     0x2000254c      0x220 ./USB_DEVICE/Target/usbd_conf.o
 .bss.hpcd_USB_FS
                0x2000276c      0x2dc ./USB_DEVICE/Target/usbd_conf.o
                0x2000276c                hpcd_USB_FS
 *(COMMON)
                0x20002a48                        . = ALIGN (0x4)
                0x20002a48                        _ebss = .
                0x20002a48                        __bss_end__ = _ebss

._user_heap_stack
                0x20002a48      0x600 load address 0x0800b800
                0x20002a48                        . = ALIGN (0x8)
                [!provide]                        PROVIDE (end = .)
                0x20002a48                        PROVIDE (_end = .)
                0x20002c48                        . = (. + _Min_Heap_Size)
 *fill*         0x20002a48      0x200 
                0x20003048                        . = (. + _Min_Stack_Size)
 *fill*         0x20002c48      0x400 
                0x20003048                        . = ALIGN (0x8)

/DISCARD/
 libc.a(*)
 libm.a(*)
 libgcc.a(*)

.ARM.attributes
                0x00000000       0x28
 *(.ARM.attributes)
 .ARM.attributes
                0x00000000       0x1e C:/ST/STM32CubeIDE_1.19.0/STM32CubeIDE/plugins/com.st.stm32cube.ide.mcu.externaltools.gnu-tools-for-stm32.13.3.rel1.win32_1.0.0.202411081344/tools/bin/../lib/gcc/arm-none-eabi/13.3.1/thumb/v6-m/nofp/crti.o
 .ARM.attributes
                0x0000001e       0x2c C:/ST/STM32CubeIDE_1.19.0/STM32CubeIDE/plugins/com.st.stm32cube.ide.mcu.externaltools.gnu-tools-for-stm32.13.3.rel1.win32_1.0.0.202411081344/tools/bin/../lib/gcc/arm-none-eabi/13.3.1/thumb/v6-m/nofp/crtbegin.o
 .ARM.attributes
                0x0000004a       0x2c ./Core/Src/FAC_Code/fac_adc.o
 .ARM.attributes
                0x00000076       0x2c ./Core/Src/FAC_Code/fac_app.o
 .ARM.attributes
                0x000000a2       0x2c ./Core/Src/FAC_Code/fac_battery.o
 .ARM.attributes
                0x000000ce       0x2c ./Core/Src/FAC_Code/fac_eeprom.o
 .ARM.attributes
                0x000000fa       0x2c ./Core/Src/FAC_Code/fac_imu.o
 .ARM.attributes
                0x00000126       0x2c ./Core/Src/FAC_Code/fac_mapper.o
 .ARM.attributes
                0x00000152       0x2c ./Core/Src/FAC_Code/fac_motors.o
 .ARM.attributes
                0x0000017e       0x2c ./Core/Src/FAC_Code/fac_ppm_receiver.o
 .ARM.attributes
                0x000001aa       0x2c ./Core/Src/FAC_Code/fac_pwm_receiver.o
 .ARM.attributes
                0x000001d6       0x2c ./Core/Src/FAC_Code/fac_servo.o
 .ARM.attributes
                0x00000202       0x2c ./Core/Src/FAC_Code/fac_settings.o
 .ARM.attributes
                0x0000022e       0x2c ./Core/Src/FAC_Code/fac_std_receiver.o
 .ARM.attributes
                0x0000025a       0x2c ./Core/Src/FAC_Code/mixes_functions/fac_functions.o
 .ARM.attributes
                0x00000286       0x2c ./Core/Src/FAC_Code/mixes_functions/fac_mixes.o
 .ARM.attributes
                0x000002b2       0x2c ./Core/Src/FAC_Code/mixes_functions/functions/fac_direct_link_function.o
 .ARM.attributes
                0x000002de       0x2c ./Core/Src/FAC_Code/mixes_functions/mixes/fac_simple_tank_mix.o
 .ARM.attributes
                0x0000030a       0x2c ./Core/Src/Libraries/DMApwm.o
 .ARM.attributes
                0x00000336       0x2c ./Core/Src/Libraries/LSM6DS3.o
 .ARM.attributes
                0x00000362       0x2c ./Core/Src/adc.o
 .ARM.attributes
                0x0000038e       0x2c ./Core/Src/dma.o
 .ARM.attributes
                0x000003ba       0x2c ./Core/Src/gpio.o
 .ARM.attributes
                0x000003e6       0x2c ./Core/Src/i2c.o
 .ARM.attributes
                0x00000412       0x2c ./Core/Src/iwdg.o
 .ARM.attributes
                0x0000043e       0x2c ./Core/Src/main.o
 .ARM.attributes
                0x0000046a       0x2c ./Core/Src/spi.o
 .ARM.attributes
                0x00000496       0x2c ./Core/Src/stm32f0xx_hal_msp.o
 .ARM.attributes
                0x000004c2       0x2c ./Core/Src/stm32f0xx_it.o
 .ARM.attributes
                0x000004ee       0x2c ./Core/Src/system_stm32f0xx.o
 .ARM.attributes
                0x0000051a       0x2c ./Core/Src/tim.o
 .ARM.attributes
                0x00000546       0x2c ./Core/Src/usart.o
 .ARM.attributes
                0x00000572       0x2c ./Core/Src/jingles/fac_jingles.o
 .ARM.attributes
                0x0000059e       0x21 ./Core/Startup/startup_stm32f072cbtx.o
 .ARM.attributes
                0x000005bf       0x2c ./Drivers/STM32F0xx_HAL_Driver/Src/stm32f0xx_hal.o
 .ARM.attributes
                0x000005eb       0x2c ./Drivers/STM32F0xx_HAL_Driver/Src/stm32f0xx_hal_adc.o
 .ARM.attributes
                0x00000617       0x2c ./Drivers/STM32F0xx_HAL_Driver/Src/stm32f0xx_hal_adc_ex.o
 .ARM.attributes
                0x00000643       0x2c ./Drivers/STM32F0xx_HAL_Driver/Src/stm32f0xx_hal_cortex.o
 .ARM.attributes
                0x0000066f       0x2c ./Drivers/STM32F0xx_HAL_Driver/Src/stm32f0xx_hal_dma.o
 .ARM.attributes
                0x0000069b       0x2c ./Drivers/STM32F0xx_HAL_Driver/Src/stm32f0xx_hal_gpio.o
 .ARM.attributes
                0x000006c7       0x2c ./Drivers/STM32F0xx_HAL_Driver/Src/stm32f0xx_hal_i2c.o
 .ARM.attributes
                0x000006f3       0x2c ./Drivers/STM32F0xx_HAL_Driver/Src/stm32f0xx_hal_i2c_ex.o
 .ARM.attributes
                0x0000071f       0x2c ./Drivers/STM32F0xx_HAL_Driver/Src/stm32f0xx_hal_iwdg.o
 .ARM.attributes
                0x0000074b       0x2c ./Drivers/STM32F0xx_HAL_Driver/Src/stm32f0xx_hal_pcd.o
 .ARM.attributes
                0x00000777       0x2c ./Drivers/STM32F0xx_HAL_Driver/Src/stm32f0xx_hal_pcd_ex.o
 .ARM.attributes
                0x000007a3       0x2c ./Drivers/STM32F0xx_HAL_Driver/Src/stm32f0xx_hal_rcc.o
 .ARM.attributes
                0x000007cf       0x2c ./Drivers/STM32F0xx_HAL_Driver/Src/stm32f0xx_hal_rcc_ex.o
 .ARM.attributes
                0x000007fb       0x2c ./Drivers/STM32F0xx_HAL_Driver/Src/stm32f0xx_hal_spi.o
 .ARM.attributes
                0x00000827       0x2c ./Drivers/STM32F0xx_HAL_Driver/Src/stm32f0xx_hal_tim.o
 .ARM.attributes
                0x00000853       0x2c ./Drivers/STM32F0xx_HAL_Driver/Src/stm32f0xx_hal_tim_ex.o
 .ARM.attributes
                0x0000087f       0x2c ./Drivers/STM32F0xx_HAL_Driver/Src/stm32f0xx_hal_uart.o
 .ARM.attributes
                0x000008ab       0x2c ./Drivers/STM32F0xx_HAL_Driver/Src/stm32f0xx_ll_usb.o
 .ARM.attributes
                0x000008d7       0x2c ./Middlewares/ST/STM32_USB_Device_Library/Class/CDC/Src/usbd_cdc.o
 .ARM.attributes
                0x00000903       0x2c ./Middlewares/ST/STM32_USB_Device_Library/Core/Src/usbd_core.o
 .ARM.attributes
                0x0000092f       0x2c ./Middlewares/ST/STM32_USB_Device_Library/Core/Src/usbd_ctlreq.o
 .ARM.attributes
                0x0000095b       0x2c ./Middlewares/ST/STM32_USB_Device_Library/Core/Src/usbd_ioreq.o
 .ARM.attributes
                0x00000987       0x2c ./USB_DEVICE/App/usb_device.o
 .ARM.attributes
                0x000009b3       0x2c ./USB_DEVICE/App/usbd_cdc_if.o
 .ARM.attributes
                0x000009df       0x2c ./USB_DEVICE/App/usbd_desc.o
 .ARM.attributes
                0x00000a0b       0x2c ./USB_DEVICE/Target/usbd_conf.o
 .ARM.attributes
                0x00000a37       0x2c C:/ST/STM32CubeIDE_1.19.0/STM32CubeIDE/plugins/com.st.stm32cube.ide.mcu.externaltools.gnu-tools-for-stm32.13.3.rel1.win32_1.0.0.202411081344/tools/bin/../lib/gcc/arm-none-eabi/13.3.1/../../../../arm-none-eabi/lib/thumb/v6-m/nofp\libc_nano.a(libc_a-memset.o)
 .ARM.attributes
                0x00000a63       0x2c C:/ST/STM32CubeIDE_1.19.0/STM32CubeIDE/plugins/com.st.stm32cube.ide.mcu.externaltools.gnu-tools-for-stm32.13.3.rel1.win32_1.0.0.202411081344/tools/bin/../lib/gcc/arm-none-eabi/13.3.1/../../../../arm-none-eabi/lib/thumb/v6-m/nofp\libc_nano.a(libc_a-init.o)
 .ARM.attributes
                0x00000a8f       0x2c C:/ST/STM32CubeIDE_1.19.0/STM32CubeIDE/plugins/com.st.stm32cube.ide.mcu.externaltools.gnu-tools-for-stm32.13.3.rel1.win32_1.0.0.202411081344/tools/bin/../lib/gcc/arm-none-eabi/13.3.1/../../../../arm-none-eabi/lib/thumb/v6-m/nofp\libc_nano.a(libc_a-memcpy-stub.o)
 .ARM.attributes
                0x00000abb       0x1c C:/ST/STM32CubeIDE_1.19.0/STM32CubeIDE/plugins/com.st.stm32cube.ide.mcu.externaltools.gnu-tools-for-stm32.13.3.rel1.win32_1.0.0.202411081344/tools/bin/../lib/gcc/arm-none-eabi/13.3.1/../../../../arm-none-eabi/lib/thumb/v6-m/nofp\libc_nano.a(libc_a-strlen.o)
 .ARM.attributes
                0x00000ad7       0x1e C:/ST/STM32CubeIDE_1.19.0/STM32CubeIDE/plugins/com.st.stm32cube.ide.mcu.externaltools.gnu-tools-for-stm32.13.3.rel1.win32_1.0.0.202411081344/tools/bin/../lib/gcc/arm-none-eabi/13.3.1/thumb/v6-m/nofp\libgcc.a(_udivsi3.o)
 .ARM.attributes
                0x00000af5       0x1e C:/ST/STM32CubeIDE_1.19.0/STM32CubeIDE/plugins/com.st.stm32cube.ide.mcu.externaltools.gnu-tools-for-stm32.13.3.rel1.win32_1.0.0.202411081344/tools/bin/../lib/gcc/arm-none-eabi/13.3.1/thumb/v6-m/nofp\libgcc.a(_divsi3.o)
 .ARM.attributes
                0x00000b13       0x1e C:/ST/STM32CubeIDE_1.19.0/STM32CubeIDE/plugins/com.st.stm32cube.ide.mcu.externaltools.gnu-tools-for-stm32.13.3.rel1.win32_1.0.0.202411081344/tools/bin/../lib/gcc/arm-none-eabi/13.3.1/thumb/v6-m/nofp\libgcc.a(_dvmd_tls.o)
 .ARM.attributes
                0x00000b31       0x1e C:/ST/STM32CubeIDE_1.19.0/STM32CubeIDE/plugins/com.st.stm32cube.ide.mcu.externaltools.gnu-tools-for-stm32.13.3.rel1.win32_1.0.0.202411081344/tools/bin/../lib/gcc/arm-none-eabi/13.3.1/thumb/v6-m/nofp\libgcc.a(_arm_cmpsf2.o)
 .ARM.attributes
                0x00000b4f       0x1e C:/ST/STM32CubeIDE_1.19.0/STM32CubeIDE/plugins/com.st.stm32cube.ide.mcu.externaltools.gnu-tools-for-stm32.13.3.rel1.win32_1.0.0.202411081344/tools/bin/../lib/gcc/arm-none-eabi/13.3.1/thumb/v6-m/nofp\libgcc.a(_aeabi_ldivmod.o)
 .ARM.attributes
                0x00000b6d       0x1e C:/ST/STM32CubeIDE_1.19.0/STM32CubeIDE/plugins/com.st.stm32cube.ide.mcu.externaltools.gnu-tools-for-stm32.13.3.rel1.win32_1.0.0.202411081344/tools/bin/../lib/gcc/arm-none-eabi/13.3.1/thumb/v6-m/nofp\libgcc.a(_aeabi_uldivmod.o)
 .ARM.attributes
                0x00000b8b       0x2c C:/ST/STM32CubeIDE_1.19.0/STM32CubeIDE/plugins/com.st.stm32cube.ide.mcu.externaltools.gnu-tools-for-stm32.13.3.rel1.win32_1.0.0.202411081344/tools/bin/../lib/gcc/arm-none-eabi/13.3.1/thumb/v6-m/nofp\libgcc.a(_muldi3.o)
 .ARM.attributes
                0x00000bb7       0x2c C:/ST/STM32CubeIDE_1.19.0/STM32CubeIDE/plugins/com.st.stm32cube.ide.mcu.externaltools.gnu-tools-for-stm32.13.3.rel1.win32_1.0.0.202411081344/tools/bin/../lib/gcc/arm-none-eabi/13.3.1/thumb/v6-m/nofp\libgcc.a(_fixunssfsi.o)
 .ARM.attributes
                0x00000be3       0x2c C:/ST/STM32CubeIDE_1.19.0/STM32CubeIDE/plugins/com.st.stm32cube.ide.mcu.externaltools.gnu-tools-for-stm32.13.3.rel1.win32_1.0.0.202411081344/tools/bin/../lib/gcc/arm-none-eabi/13.3.1/thumb/v6-m/nofp\libgcc.a(_udivmoddi4.o)
 .ARM.attributes
                0x00000c0f       0x2c C:/ST/STM32CubeIDE_1.19.0/STM32CubeIDE/plugins/com.st.stm32cube.ide.mcu.externaltools.gnu-tools-for-stm32.13.3.rel1.win32_1.0.0.202411081344/tools/bin/../lib/gcc/arm-none-eabi/13.3.1/thumb/v6-m/nofp\libgcc.a(bpabi.o)
 .ARM.attributes
                0x00000c3b       0x2c C:/ST/STM32CubeIDE_1.19.0/STM32CubeIDE/plugins/com.st.stm32cube.ide.mcu.externaltools.gnu-tools-for-stm32.13.3.rel1.win32_1.0.0.202411081344/tools/bin/../lib/gcc/arm-none-eabi/13.3.1/thumb/v6-m/nofp\libgcc.a(addsf3.o)
 .ARM.attributes
                0x00000c67       0x2c C:/ST/STM32CubeIDE_1.19.0/STM32CubeIDE/plugins/com.st.stm32cube.ide.mcu.externaltools.gnu-tools-for-stm32.13.3.rel1.win32_1.0.0.202411081344/tools/bin/../lib/gcc/arm-none-eabi/13.3.1/thumb/v6-m/nofp\libgcc.a(divsf3.o)
 .ARM.attributes
                0x00000c93       0x2c C:/ST/STM32CubeIDE_1.19.0/STM32CubeIDE/plugins/com.st.stm32cube.ide.mcu.externaltools.gnu-tools-for-stm32.13.3.rel1.win32_1.0.0.202411081344/tools/bin/../lib/gcc/arm-none-eabi/13.3.1/thumb/v6-m/nofp\libgcc.a(eqsf2.o)
 .ARM.attributes
                0x00000cbf       0x2c C:/ST/STM32CubeIDE_1.19.0/STM32CubeIDE/plugins/com.st.stm32cube.ide.mcu.externaltools.gnu-tools-for-stm32.13.3.rel1.win32_1.0.0.202411081344/tools/bin/../lib/gcc/arm-none-eabi/13.3.1/thumb/v6-m/nofp\libgcc.a(gesf2.o)
 .ARM.attributes
                0x00000ceb       0x2c C:/ST/STM32CubeIDE_1.19.0/STM32CubeIDE/plugins/com.st.stm32cube.ide.mcu.externaltools.gnu-tools-for-stm32.13.3.rel1.win32_1.0.0.202411081344/tools/bin/../lib/gcc/arm-none-eabi/13.3.1/thumb/v6-m/nofp\libgcc.a(lesf2.o)
 .ARM.attributes
                0x00000d17       0x2c C:/ST/STM32CubeIDE_1.19.0/STM32CubeIDE/plugins/com.st.stm32cube.ide.mcu.externaltools.gnu-tools-for-stm32.13.3.rel1.win32_1.0.0.202411081344/tools/bin/../lib/gcc/arm-none-eabi/13.3.1/thumb/v6-m/nofp\libgcc.a(mulsf3.o)
 .ARM.attributes
                0x00000d43       0x2c C:/ST/STM32CubeIDE_1.19.0/STM32CubeIDE/plugins/com.st.stm32cube.ide.mcu.externaltools.gnu-tools-for-stm32.13.3.rel1.win32_1.0.0.202411081344/tools/bin/../lib/gcc/arm-none-eabi/13.3.1/thumb/v6-m/nofp\libgcc.a(subsf3.o)
 .ARM.attributes
                0x00000d6f       0x2c C:/ST/STM32CubeIDE_1.19.0/STM32CubeIDE/plugins/com.st.stm32cube.ide.mcu.externaltools.gnu-tools-for-stm32.13.3.rel1.win32_1.0.0.202411081344/tools/bin/../lib/gcc/arm-none-eabi/13.3.1/thumb/v6-m/nofp\libgcc.a(fixsfsi.o)
 .ARM.attributes
                0x00000d9b       0x2c C:/ST/STM32CubeIDE_1.19.0/STM32CubeIDE/plugins/com.st.stm32cube.ide.mcu.externaltools.gnu-tools-for-stm32.13.3.rel1.win32_1.0.0.202411081344/tools/bin/../lib/gcc/arm-none-eabi/13.3.1/thumb/v6-m/nofp\libgcc.a(floatsisf.o)
 .ARM.attributes
                0x00000dc7       0x2c C:/ST/STM32CubeIDE_1.19.0/STM32CubeIDE/plugins/com.st.stm32cube.ide.mcu.externaltools.gnu-tools-for-stm32.13.3.rel1.win32_1.0.0.202411081344/tools/bin/../lib/gcc/arm-none-eabi/13.3.1/thumb/v6-m/nofp\libgcc.a(floatunsisf.o)
 .ARM.attributes
                0x00000df3       0x2c C:/ST/STM32CubeIDE_1.19.0/STM32CubeIDE/plugins/com.st.stm32cube.ide.mcu.externaltools.gnu-tools-for-stm32.13.3.rel1.win32_1.0.0.202411081344/tools/bin/../lib/gcc/arm-none-eabi/13.3.1/thumb/v6-m/nofp\libgcc.a(divdf3.o)
 .ARM.attributes
                0x00000e1f       0x2c C:/ST/STM32CubeIDE_1.19.0/STM32CubeIDE/plugins/com.st.stm32cube.ide.mcu.externaltools.gnu-tools-for-stm32.13.3.rel1.win32_1.0.0.202411081344/tools/bin/../lib/gcc/arm-none-eabi/13.3.1/thumb/v6-m/nofp\libgcc.a(muldf3.o)
 .ARM.attributes